Archive member included because of file (symbol)

libbb/lib.a(appletlib.o)      /opt/arm-linux-gcc/bin/../arm-none-linux-gnueabi/sys-root/usr/lib/crt1.o (main)
libbb/lib.a(compare_string_array.o)
                              libbb/lib.a(appletlib.o) (is_prefixed_with)
libbb/lib.a(concat_path_file.o)
                              libbb/lib.a(appletlib.o) (concat_path_file)
libbb/lib.a(default_error_retval.o)
                              libbb/lib.a(appletlib.o) (xfunc_error_retval)
libbb/lib.a(get_last_path_component.o)
                              libbb/lib.a(appletlib.o) (bb_basename)
libbb/lib.a(last_char_is.o)   libbb/lib.a(concat_path_file.o) (last_char_is)
libbb/lib.a(llist.o)          libbb/lib.a(appletlib.o) (llist_free)
libbb/lib.a(messages.o)       libbb/lib.a(appletlib.o) (bb_banner)
libbb/lib.a(perror_msg.o)     libbb/lib.a(appletlib.o) (bb_perror_msg_and_die)
libbb/lib.a(ptr_to_globals.o)
                              libbb/lib.a(appletlib.o) (bb_errno)
libbb/lib.a(skip_whitespace.o)
                              libbb/lib.a(appletlib.o) (skip_whitespace)
libbb/lib.a(verror_msg.o)     libbb/lib.a(perror_msg.o) (bb_verror_msg)
libbb/lib.a(wfopen.o)         libbb/lib.a(appletlib.o) (fopen_for_read)
libbb/lib.a(xfunc_die.o)      libbb/lib.a(appletlib.o) (xfunc_die)
libbb/lib.a(xfuncs.o)         libbb/lib.a(appletlib.o) (full_write2_str)
libbb/lib.a(xfuncs_printf.o)  libbb/lib.a(appletlib.o) (malloc_or_warn)
libbb/lib.a(xreadlink.o)      libbb/lib.a(appletlib.o) (xmalloc_readlink)
libbb/lib.a(copyfd.o)         libbb/lib.a(xfuncs_printf.o) (bb_copyfd_eof)
libbb/lib.a(full_write.o)     libbb/lib.a(verror_msg.o) (full_write)
libbb/lib.a(read.o)           libbb/lib.a(copyfd.o) (safe_read)
libbb/lib.a(safe_write.o)     libbb/lib.a(full_write.o) (safe_write)
libbb/lib.a(signals.o)        libbb/lib.a(xfuncs_printf.o) (kill_myself_with_sig)
libbb/lib.a(time.o)           libbb/lib.a(xfuncs_printf.o) (monotonic_us)
libbb/lib.a(bb_strtonum.o)    libbb/lib.a(time.o) (bb_strtol)
libpwdgrp/lib.a(pwd_grp.o)    libbb/lib.a(appletlib.o) (bb_internal_getpwnam)
libpwdgrp/lib.a(uidgid_get.o)
                              libbb/lib.a(appletlib.o) (get_uidgid)
loginutils/lib.a(add-remove-shell.o)
                              libbb/lib.a(appletlib.o) (add_remove_shell_main)
loginutils/lib.a(addgroup.o)  libbb/lib.a(appletlib.o) (addgroup_main)
loginutils/lib.a(adduser.o)   libbb/lib.a(appletlib.o) (adduser_main)
loginutils/lib.a(chpasswd.o)  libbb/lib.a(appletlib.o) (chpasswd_main)
loginutils/lib.a(cryptpw.o)   libbb/lib.a(appletlib.o) (cryptpw_main)
loginutils/lib.a(deluser.o)   libbb/lib.a(appletlib.o) (deluser_main)
loginutils/lib.a(getty.o)     libbb/lib.a(appletlib.o) (getty_main)
loginutils/lib.a(login.o)     libbb/lib.a(appletlib.o) (login_main)
loginutils/lib.a(passwd.o)    libbb/lib.a(appletlib.o) (passwd_main)
loginutils/lib.a(su.o)        libbb/lib.a(appletlib.o) (su_main)
loginutils/lib.a(sulogin.o)   libbb/lib.a(appletlib.o) (sulogin_main)
loginutils/lib.a(vlock.o)     libbb/lib.a(appletlib.o) (vlock_main)
mailutils/lib.a(makemime.o)   libbb/lib.a(appletlib.o) (makemime_main)
mailutils/lib.a(popmaildir.o)
                              libbb/lib.a(appletlib.o) (popmaildir_main)
mailutils/lib.a(reformime.o)  libbb/lib.a(appletlib.o) (reformime_main)
mailutils/lib.a(sendmail.o)   libbb/lib.a(appletlib.o) (sendmail_main)
mailutils/lib.a(mail.o)       mailutils/lib.a(popmaildir.o) (launch_helper)
miscutils/lib.a(adjtimex.o)   libbb/lib.a(appletlib.o) (adjtimex_main)
miscutils/lib.a(beep.o)       libbb/lib.a(appletlib.o) (beep_main)
miscutils/lib.a(chat.o)       libbb/lib.a(appletlib.o) (chat_main)
miscutils/lib.a(conspy.o)     libbb/lib.a(appletlib.o) (conspy_main)
miscutils/lib.a(crond.o)      libbb/lib.a(appletlib.o) (crond_main)
miscutils/lib.a(crontab.o)    libbb/lib.a(appletlib.o) (crontab_main)
miscutils/lib.a(dc.o)         libbb/lib.a(appletlib.o) (dc_main)
miscutils/lib.a(devmem.o)     libbb/lib.a(appletlib.o) (devmem_main)
miscutils/lib.a(fbsplash.o)   libbb/lib.a(appletlib.o) (fbsplash_main)
miscutils/lib.a(hdparm.o)     libbb/lib.a(appletlib.o) (hdparm_main)
miscutils/lib.a(hexedit.o)    libbb/lib.a(appletlib.o) (hexedit_main)
miscutils/lib.a(i2c_tools.o)  libbb/lib.a(appletlib.o) (i2cget_main)
miscutils/lib.a(less.o)       libbb/lib.a(appletlib.o) (less_main)
miscutils/lib.a(lsscsi.o)     libbb/lib.a(appletlib.o) (lsscsi_main)
miscutils/lib.a(makedevs.o)   libbb/lib.a(appletlib.o) (makedevs_main)
miscutils/lib.a(man.o)        libbb/lib.a(appletlib.o) (man_main)
miscutils/lib.a(microcom.o)   libbb/lib.a(appletlib.o) (microcom_main)
miscutils/lib.a(mt.o)         libbb/lib.a(appletlib.o) (mt_main)
miscutils/lib.a(nandwrite.o)  libbb/lib.a(appletlib.o) (nandwrite_main)
miscutils/lib.a(partprobe.o)  libbb/lib.a(appletlib.o) (partprobe_main)
miscutils/lib.a(raidautorun.o)
                              libbb/lib.a(appletlib.o) (raidautorun_main)
[...]
Memory Configuration

Name             Origin             Length             Attributes
*default*        0x00000000         0xffffffff

Linker script and memory map

LOAD /opt/arm-linux-gcc/bin/../arm-none-linux-gnueabi/sys-root/usr/lib/crt1.o
LOAD /opt/arm-linux-gcc/bin/../arm-none-linux-gnueabi/sys-root/usr/lib/crti.o
LOAD /opt/arm-linux-gcc/bin/../lib/gcc/arm-none-linux-gnueabi/4.5.1/crtbegin.o
START GROUP
LOAD applets/built-in.o
LOAD archival/lib.a
LOAD archival/libarchive/lib.a
LOAD console-tools/lib.a
LOAD coreutils/lib.a
LOAD coreutils/libcoreutils/lib.a
LOAD debianutils/lib.a
LOAD klibc-utils/lib.a
LOAD e2fsprogs/lib.a
LOAD editors/lib.a
LOAD findutils/lib.a
LOAD init/lib.a
LOAD libbb/lib.a
LOAD libpwdgrp/lib.a
LOAD loginutils/lib.a
LOAD mailutils/lib.a
LOAD miscutils/lib.a
LOAD modutils/lib.a
LOAD networking/lib.a
LOAD networking/libiproute/lib.a
LOAD networking/udhcp/lib.a
LOAD printutils/lib.a
LOAD procps/lib.a
LOAD runit/lib.a
LOAD selinux/lib.a
LOAD shell/lib.a
LOAD sysklogd/lib.a
LOAD util-linux/lib.a
LOAD util-linux/volume_id/lib.a
LOAD archival/built-in.o
LOAD archival/libarchive/built-in.o
LOAD console-tools/built-in.o
LOAD coreutils/built-in.o
LOAD coreutils/libcoreutils/built-in.o
LOAD debianutils/built-in.o
LOAD klibc-utils/built-in.o
LOAD e2fsprogs/built-in.o
LOAD editors/built-in.o
LOAD findutils/built-in.o
LOAD init/built-in.o
LOAD libbb/built-in.o
LOAD libpwdgrp/built-in.o
LOAD loginutils/built-in.o
LOAD mailutils/built-in.o
LOAD miscutils/built-in.o
LOAD modutils/built-in.o
LOAD networking/built-in.o
LOAD networking/libiproute/built-in.o
LOAD networking/udhcp/built-in.o
LOAD printutils/built-in.o
LOAD procps/built-in.o
LOAD runit/built-in.o
LOAD selinux/built-in.o
LOAD shell/built-in.o
LOAD sysklogd/built-in.o
LOAD util-linux/built-in.o
LOAD util-linux/volume_id/built-in.o
END GROUP
START GROUP
LOAD /opt/arm-linux-gcc/bin/../arm-none-linux-gnueabi/sys-root/usr/lib/libm.so
END GROUP
LOAD /opt/arm-linux-gcc/bin/../lib/gcc/arm-none-linux-gnueabi/4.5.1/libgcc.a
LOAD /opt/arm-linux-gcc/bin/../lib/gcc/arm-none-linux-gnueabi/4.5.1/libgcc_eh.a
LOAD /opt/arm-linux-gcc/bin/../arm-none-linux-gnueabi/sys-root/usr/lib/libc.so
START GROUP
LOAD /opt/arm-linux-gcc/bin/../arm-none-linux-gnueabi/sys-root/lib/libc.so.6
LOAD /opt/arm-linux-gcc/bin/../arm-none-linux-gnueabi/sys-root/usr/lib/libc_nonshared.a
LOAD /opt/arm-linux-gcc/bin/../arm-none-linux-gnueabi/sys-root/lib/ld-linux.so.3
END GROUP
LOAD /opt/arm-linux-gcc/bin/../lib/gcc/arm-none-linux-gnueabi/4.5.1/libgcc.a
LOAD /opt/arm-linux-gcc/bin/../lib/gcc/arm-none-linux-gnueabi/4.5.1/libgcc_eh.a
LOAD /opt/arm-linux-gcc/bin/../lib/gcc/arm-none-linux-gnueabi/4.5.1/crtend.o
LOAD /opt/arm-linux-gcc/bin/../arm-none-linux-gnueabi/sys-root/usr/lib/crtn.o
                0x00008000                PROVIDE (__executable_start, 0x8000)
                0x00008154                . = (0x8000 + SIZEOF_HEADERS)

.interp         0x00008154       0x13
 *(SORT(.interp))
 .interp        0x00008154       0x13 /opt/arm-linux-gcc/bin/../arm-none-linux-gnueabi/sys-root/usr/lib/crti.o

.note.gnu.build-id
 *(SORT(.note.gnu.build-id))

.hash           0x00008168      0xa58
 *(SORT(.hash))
 .hash          0x00008168      0xa58 /opt/arm-linux-gcc/bin/../arm-none-linux-gnueabi/sys-root/usr/lib/crti.o

.gnu.hash
 *(SORT(.gnu.hash))

.dynsym         0x00008bc0     0x18d0
 *(SORT(.dynsym))
 .dynsym        0x00008bc0     0x18d0 /opt/arm-linux-gcc/bin/../arm-none-linux-gnueabi/sys-root/usr/lib/crti.o

.dynstr         0x0000a490      0xd0c
 *(SORT(.dynstr))
 .dynstr        0x0000a490      0xd0c /opt/arm-linux-gcc/bin/../arm-none-linux-gnueabi/sys-root/usr/lib/crti.o

.gnu.version    0x0000b19c      0x31a
 *(SORT(.gnu.version))
 .gnu.version   0x0000b19c      0x31a /opt/arm-linux-gcc/bin/../arm-none-linux-gnueabi/sys-root/usr/lib/crti.o

.gnu.version_d  0x0000b4b8        0x0 load address 0x0000b4b6
 *(SORT(.gnu.version_d))
 .gnu.version_d
                0x00000000        0x0 /opt/arm-linux-gcc/bin/../arm-none-linux-gnueabi/sys-root/usr/lib/crti.o

.gnu.version_r  0x0000b4b8       0x40
 *(SORT(.gnu.version_r))
 .gnu.version_r
                0x0000b4b8       0x40 /opt/arm-linux-gcc/bin/../arm-none-linux-gnueabi/sys-root/usr/lib/crti.o

.rel.dyn        0x0000b4f8       0x70
 *(SORT(.rel.init))
 *(SORT(.rel.text) SORT(.rel.text.*) SORT(.rel.gnu.linkonce.t.*))
 *(SORT(.rel.fini))
 *(SORT(.rel.rodata) SORT(.rel.rodata.*) SORT(.rel.gnu.linkonce.r.*))
 *(SORT(.rel.data.rel.ro*) SORT(.rel.gnu.linkonce.d.rel.ro.*))
 *(SORT(.rel.data) SORT(.rel.data.*) SORT(.rel.gnu.linkonce.d.*))
 *(SORT(.rel.tdata) SORT(.rel.tdata.*) SORT(.rel.gnu.linkonce.td.*))
 *(SORT(.rel.tbss) SORT(.rel.tbss.*) SORT(.rel.gnu.linkonce.tb.*))
 *(SORT(.rel.ctors))
 *(SORT(.rel.dtors))
 *(SORT(.rel.got))
 .rel.got       0x0000b4f8       0x28 /opt/arm-linux-gcc/bin/../arm-none-linux-gnueabi/sys-root/usr/lib/crti.o
 *(SORT(.rel.bss) SORT(.rel.bss.*) SORT(.rel.gnu.linkonce.b.*))
 .rel.bss       0x0000b520       0x48 /opt/arm-linux-gcc/bin/../arm-none-linux-gnueabi/sys-root/usr/lib/crti.o
                0x0000b568                PROVIDE (__rel_iplt_start, .)
 *(SORT(.rel.iplt))
                0x0000b568                PROVIDE (__rel_iplt_end, .)
                0x0000b568                PROVIDE (__rela_iplt_start, .)
                0x0000b568                PROVIDE (__rela_iplt_end, .)

.rela.dyn       0x0000b568        0x0
 *(SORT(.rela.init))
 *(SORT(.rela.text) SORT(.rela.text.*) SORT(.rela.gnu.linkonce.t.*))
 *(SORT(.rela.fini))
 *(SORT(.rela.rodata) SORT(.rela.rodata.*) SORT(.rela.gnu.linkonce.r.*))
 *(SORT(.rela.data) SORT(.rela.data.*) SORT(.rela.gnu.linkonce.d.*))
 *(SORT(.rela.tdata) SORT(.rela.tdata.*) SORT(.rela.gnu.linkonce.td.*))
 *(SORT(.rela.tbss) SORT(.rela.tbss.*) SORT(.rela.gnu.linkonce.tb.*))
 *(SORT(.rela.ctors))
 *(SORT(.rela.dtors))
 *(SORT(.rela.got))
 *(SORT(.rela.bss) SORT(.rela.bss.*) SORT(.rela.gnu.linkonce.b.*))
                0x0000b568                PROVIDE (__rel_iplt_start, .)
                0x0000b568                PROVIDE (__rel_iplt_end, .)
                0x0000b568                PROVIDE (__rela_iplt_start, .)
 *(SORT(.rela.iplt))
                0x0000b568                PROVIDE (__rela_iplt_end, .)

.rel.plt        0x0000b568      0xbe0
 *(SORT(.rel.plt))
 .rel.plt       0x0000b568      0xbe0 /opt/arm-linux-gcc/bin/../arm-none-linux-gnueabi/sys-root/usr/lib/crti.o

.rela.plt
 *(SORT(.rela.plt))

.init           0x0000c148        0xc
 *(SORT(.init))
 .init          0x0000c148        0x8 /opt/arm-linux-gcc/bin/../arm-none-linux-gnueabi/sys-root/usr/lib/crti.o
                0x0000c148                _init
 .init          0x0000c150        0x4 /opt/arm-linux-gcc/bin/../arm-none-linux-gnueabi/sys-root/usr/lib/crtn.o

.plt            0x0000c154     0x11e4
 *(SORT(.plt))
 .plt           0x0000c154     0x11e4 /opt/arm-linux-gcc/bin/../arm-none-linux-gnueabi/sys-root/usr/lib/crti.o
                0x0000c168                getnameinfo@@GLIBC_2.4
                0x0000c174                getpgrp@@GLIBC_2.4
                0x0000c180                sync@@GLIBC_2.4
                0x0000c18c                if_nametoindex@@GLIBC_2.4
                0x0000c198                qsort@@GLIBC_2.4
                0x0000c1a4                sigemptyset@@GLIBC_2.4
                0x0000c1b0                daemon@@GLIBC_2.4
                0x0000c1bc                strerror@@GLIBC_2.4
                0x0000c1c8                inet_ntop@@GLIBC_2.4
                0x0000c1d4                regfree@@GLIBC_2.4
                0x0000c1e0                getresgid@@GLIBC_2.4
                0x0000c1ec                mkdir@@GLIBC_2.4
                0x0000c1f8                __sigsetjmp@@GLIBC_2.4
                0x0000c204                unsetenv@@GLIBC_2.4
                0x0000c210                reboot@@GLIBC_2.4
                0x0000c21c                updwtmpx@@GLIBC_2.4
                0x0000c228                hasmntopt@@GLIBC_2.4
                0x0000c234                localtime_r@@GLIBC_2.4
                0x0000c240                geteuid@@GLIBC_2.4
                0x0000c24c                abort@@GLIBC_2.4
                0x0000c258                connect@@GLIBC_2.4
                0x0000c264                getsockname@@GLIBC_2.4
                0x0000c270                srand@@GLIBC_2.4
                0x0000c27c                statfs64@@GLIBC_2.4
                0x0000c288                setgroups@@GLIBC_2.4
                0x0000c294                getchar_unlocked@@GLIBC_2.4
                0x0000c2a0                vprintf@@GLIBC_2.4
                0x0000c2ac                strcasestr@@GLIBC_2.4
                0x0000c2b8                localtime@@GLIBC_2.4
                0x0000c2c4                opendir@@GLIBC_2.4
                0x0000c2d0                memcmp@@GLIBC_2.4
                0x0000c2dc                sysconf@@GLIBC_2.4
                0x0000c2e8                syslog@@GLIBC_2.4
                0x0000c2f4                mktemp@@GLIBC_2.4
                0x0000c300                __libc_start_main@@GLIBC_2.4
                0x0000c30c                setlinebuf@@GLIBC_2.4
                0x0000c318                setbuf@@GLIBC_2.4
                0x0000c324                fputc_unlocked@@GLIBC_2.4
                0x0000c330                vasprintf@@GLIBC_2.4
                0x0000c33c                mkstemp64@@GLIBC_2.4
                0x0000c348                sendfile64@@GLIBC_2.4
                0x0000c354                inet_ntoa@@GLIBC_2.4
                0x0000c360                sigtimedwait@@GLIBC_2.4
                0x0000c36c                signal@@GLIBC_2.4
                0x0000c378                getline@@GLIBC_2.4
                0x0000c384                msgget@@GLIBC_2.4
                0x0000c390                sigismember@@GLIBC_2.4
                0x0000c39c                getresuid@@GLIBC_2.4
                0x0000c3b4                sched_yield@@GLIBC_2.4
                0x0000c3c0                tzset@@GLIBC_2.4
                0x0000c3cc                rewind@@GLIBC_2.4
                0x0000c3d8                cfgetispeed@@GLIBC_2.4
                0x0000c3e4                vsnprintf@@GLIBC_2.4
                0x0000c3f0                utmpxname@@GLIBC_2.4
                0x0000c3fc                clearenv@@GLIBC_2.4
                0x0000c408                __gnu_Unwind_Find_exidx@@GLIBC_2.4
                0x0000c414                strsep@@GLIBC_2.4
                0x0000c420                inet_addr@@GLIBC_2.4
                0x0000c42c                vsprintf@@GLIBC_2.4
                0x0000c438                strptime@@GLIBC_2.4
                0x0000c444                pow@@GLIBC_2.4
                0x0000c450                capget@@GLIBC_2.4
                0x0000c45c                socketpair@@GLIBC_2.4
                0x0000c468                rename@@GLIBC_2.4
                0x0000c474                strncpy@@GLIBC_2.4
                0x0000c480                fclose@@GLIBC_2.4
                0x0000c48c                recv@@GLIBC_2.4
                0x0000c498                getenv@@GLIBC_2.4
                0x0000c4a4                ftello64@@GLIBC_2.4
                0x0000c4b0                removexattr@@GLIBC_2.4
                0x0000c4bc                strtod@@GLIBC_2.4
                0x0000c4c8                system@@GLIBC_2.4
                0x0000c4d4                strchr@@GLIBC_2.4
                0x0000c4e0                semop@@GLIBC_2.4
                0x0000c4ec                unshare@@GLIBC_2.4
                0x0000c4f8                strcasecmp@@GLIBC_2.4
                0x0000c504                dirname@@GLIBC_2.4
                0x0000c510                msgctl@@GLIBC_2.4
                0x0000c51c                swapon@@GLIBC_2.4
                0x0000c528                pclose@@GLIBC_2.4
                0x0000c534                fchown@@GLIBC_2.4
                0x0000c540                listen@@GLIBC_2.4
                0x0000c54c                dprintf@@GLIBC_2.4
                0x0000c558                sendto@@GLIBC_2.4
                0x0000c564                stpcpy@@GLIBC_2.4
                0x0000c570                hstrerror@@GLIBC_2.4
                0x0000c57c                shmat@@GLIBC_2.4
                0x0000c588                sched_get_priority_max@@GLIBC_2.4
                0x0000c594                mktime@@GLIBC_2.4
                0x0000c5a0                sched_setscheduler@@GLIBC_2.4
                0x0000c5ac                cfsetspeed@@GLIBC_2.4
                0x0000c5b8                setegid@@GLIBC_2.4
                0x0000c5c4                memset@@GLIBC_2.4
                0x0000c5d0                uname@@GLIBC_2.4
                0x0000c5dc                klogctl@@GLIBC_2.4
                0x0000c5e8                endutxent@@GLIBC_2.4
                0x0000c5f4                freeaddrinfo@@GLIBC_2.4
                0x0000c600                strrchr@@GLIBC_2.4
                0x0000c60c                fsync@@GLIBC_2.4
                0x0000c618                setsid@@GLIBC_2.4
                0x0000c624                getopt_long_only@@GLIBC_2.4
                0x0000c630                execvp@@GLIBC_2.4
                0x0000c63c                ungetc@@GLIBC_2.4
                0x0000c648                statvfs64@@GLIBC_2.4
                0x0000c660                wait@@GLIBC_2.4
                0x0000c66c                strtoll@@GLIBC_2.4
                0x0000c678                chmod@@GLIBC_2.4
                0x0000c684                execlp@@GLIBC_2.4
                0x0000c690                exp@@GLIBC_2.4
                0x0000c69c                __fxstat64@@GLIBC_2.4
                0x0000c6a8                ferror_unlocked@@GLIBC_2.4
                0x0000c6b4                fgets_unlocked@@GLIBC_2.4
                0x0000c6c0                tcgetpgrp@@GLIBC_2.4
                0x0000c6cc                swapoff@@GLIBC_2.4
                0x0000c6d8                shmdt@@GLIBC_2.4
                0x0000c6e4                usleep@@GLIBC_2.4
                0x0000c6f0                sqrt@@GLIBC_2.4
                0x0000c6fc                siglongjmp@@GLIBC_2.4
                0x0000c708                execle@@GLIBC_2.4
                0x0000c714                cfmakeraw@@GLIBC_2.4
                0x0000c720                _exit@@GLIBC_2.4
                0x0000c72c                getuid@@GLIBC_2.4
                0x0000c738                strtoull@@GLIBC_2.4
                0x0000c744                tcdrain@@GLIBC_2.4
                0x0000c750                __xmknod@@GLIBC_2.4
                0x0000c75c                free@@GLIBC_2.4
                0x0000c768                sendmsg@@GLIBC_2.4
                0x0000c774                setpgid@@GLIBC_2.4
                0x0000c780                read@@GLIBC_2.4
                0x0000c78c                write@@GLIBC_2.4
                0x0000c798                getopt_long@@GLIBC_2.4
                0x0000c7a4                access@@GLIBC_2.4
                0x0000c7b0                scanf@@GLIBC_2.4
                0x0000c7bc                openlog@@GLIBC_2.4
                0x0000c7c8                fputs_unlocked@@GLIBC_2.4
                0x0000c7d4                inet_pton@@GLIBC_2.4
                0x0000c7e0                regerror@@GLIBC_2.4
                0x0000c7ec                gettimeofday@@GLIBC_2.4
                0x0000c7f8                gnu_dev_makedev@@GLIBC_2.4
                0x0000c804                setpriority@@GLIBC_2.4
                0x0000c810                accept@@GLIBC_2.4
                0x0000c81c                getrlimit64@@GLIBC_2.4
                0x0000c828                sched_getscheduler@@GLIBC_2.4
                0x0000c834                globfree64@@GLIBC_2.4
                0x0000c840                bsearch@@GLIBC_2.4
                0x0000c84c                atoll@@GLIBC_2.4
                0x0000c858                __res_init@@GLIBC_2.4
                0x0000c864                tcgetattr@@GLIBC_2.4
                0x0000c870                symlink@@GLIBC_2.4
                0x0000c87c                tcflush@@GLIBC_2.4
                0x0000c888                capset@@GLIBC_2.4
                0x0000c894                strchrnul@@GLIBC_2.4
                0x0000c8a0                socket@@GLIBC_2.4
                0x0000c8ac                tcsetpgrp@@GLIBC_2.4
                0x0000c8b8                pread64@@GLIBC_2.4
                0x0000c8c4                execl@@GLIBC_2.4
                0x0000c8d0                vfork@@GLIBC_2.4
                0x0000c8dc                umask@@GLIBC_2.4
                0x0000c8e8                getaddrinfo@@GLIBC_2.4
                0x0000c8f4                fflush@@GLIBC_2.4
                0x0000c900                regcomp@@GLIBC_2.4
                0x0000c90c                inet_aton@@GLIBC_2.4
                0x0000c918                readahead@@GLIBC_2.4
                0x0000c924                _setjmp@@GLIBC_2.4
                0x0000c930                ioctl@@GLIBC_2.4
                0x0000c93c                setuid@@GLIBC_2.4
                0x0000c948                isatty@@GLIBC_2.4
                0x0000c954                fileno_unlocked@@GLIBC_2.4
                0x0000c960                lremovexattr@@GLIBC_2.4
                0x0000c96c                strsignal@@GLIBC_2.4
                0x0000c978                getpriority@@GLIBC_2.4
                0x0000c984                glob64@@GLIBC_2.4
                0x0000c990                mempcpy@@GLIBC_2.4
                0x0000c99c                cos@@GLIBC_2.4
                0x0000c9a8                strlen@@GLIBC_2.4
                0x0000c9b4                sscanf@@GLIBC_2.4
                0x0000c9c0                adjtimex@@GLIBC_2.4
                0x0000c9cc                getc_unlocked@@GLIBC_2.4
                0x0000c9d8                unlink@@GLIBC_2.4
                0x0000c9e4                getopt@@GLIBC_2.4
                0x0000c9f0                mallopt@@GLIBC_2.4
                0x0000c9fc                strtoul@@GLIBC_2.4
                0x0000ca08                execv@@GLIBC_2.4
                0x0000ca14                fdatasync@@GLIBC_2.4
                0x0000ca20                memcpy@@GLIBC_2.4
                0x0000ca2c                __h_errno_location@@GLIBC_2.4
                0x0000ca38                fopen64@@GLIBC_2.4
                0x0000ca44                clearerr@@GLIBC_2.4
                0x0000ca50                gethostid@@GLIBC_2.4
                0x0000ca5c                setresgid@@GLIBC_2.4
                0x0000ca68                acct@@GLIBC_2.4
                0x0000ca74                __res_state@@GLIBC_2.4
                0x0000ca80                stime@@GLIBC_2.4
                0x0000ca8c                getppid@@GLIBC_2.4
                0x0000ca98                alarm@@GLIBC_2.4
                0x0000caa4                strtol@@GLIBC_2.4
                0x0000cab0                sigaddset@@GLIBC_2.4
                0x0000cabc                strcpy@@GLIBC_2.4
                0x0000cac8                chroot@@GLIBC_2.4
                0x0000cad4                fseeko64@@GLIBC_2.4
                0x0000cae0                waitpid@@GLIBC_2.4
                0x0000caec                settimeofday@@GLIBC_2.4
                0x0000caf8                printf@@GLIBC_2.4
                0x0000cb04                ctime@@GLIBC_2.4
                0x0000cb10                mkfifo@@GLIBC_2.4
                0x0000cb1c                open64@@GLIBC_2.4
                0x0000cb28                sigisemptyset@@GLIBC_2.4
                0x0000cb34                raise@@GLIBC_2.4
                0x0000cb40                getegid@@GLIBC_2.4
                0x0000cb4c                lsetxattr@@GLIBC_2.4
                0x0000cb58                sethostname@@GLIBC_2.4
                0x0000cb64                feof_unlocked@@GLIBC_2.4
                0x0000cb70                atoi@@GLIBC_2.4
                0x0000cb7c                longjmp@@GLIBC_2.4
                0x0000cb88                gethostbyaddr@@GLIBC_2.4
                0x0000cb94                pututxline@@GLIBC_2.4
                0x0000cba0                killpg@@GLIBC_2.4
                0x0000cbac                asprintf@@GLIBC_2.4
                0x0000cbb8                setutxent@@GLIBC_2.4
                0x0000cbc4                sched_getaffinity@@GLIBC_2.4
                0x0000cbd0                putenv@@GLIBC_2.4
                0x0000cbdc                getmntent_r@@GLIBC_2.4
                0x0000cbe8                posix_fallocate64@@GLIBC_2.4
                0x0000cbf4                ptsname_r@@GLIBC_2.4
                0x0000cc00                shutdown@@GLIBC_2.4
                0x0000cc0c                bind@@GLIBC_2.4
                0x0000cc18                fdopen@@GLIBC_2.4
                0x0000cc24                atof@@GLIBC_2.4
                0x0000cc30                umount2@@GLIBC_2.4
                0x0000cc3c                strstr@@GLIBC_2.4
                0x0000cc48                nice@@GLIBC_2.4
                0x0000cc54                select@@GLIBC_2.4
                0x0000cc60                realpath@@GLIBC_2.4
                0x0000cc6c                wait3@@GLIBC_2.4
                0x0000cc78                close@@GLIBC_2.4
                0x0000cc84                getlogin_r@@GLIBC_2.4
                0x0000cc90                fwrite@@GLIBC_2.4
                0x0000cc9c                closedir@@GLIBC_2.4
                0x0000cca8                strncasecmp@@GLIBC_2.4
                0x0000ccb4                div@@GLIBC_2.4
                0x0000ccc0                semctl@@GLIBC_2.4
                0x0000cccc                mount@@GLIBC_2.4
                0x0000ccd8                strverscmp@@GLIBC_2.4
                0x0000cce4                time@@GLIBC_2.4
                0x0000ccf0                unlockpt@@GLIBC_2.4
                0x0000ccfc                setvbuf@@GLIBC_2.4
                0x0000cd08                __xstat64@@GLIBC_2.4
                0x0000cd14                fprintf@@GLIBC_2.4
                0x0000cd20                execve@@GLIBC_2.4
                0x0000cd2c                strdup@@GLIBC_2.4
                0x0000cd38                lseek64@@GLIBC_2.4
                0x0000cd44                malloc@@GLIBC_2.4
                0x0000cd50                freopen64@@GLIBC_2.4
                0x0000cd5c                mmap64@@GLIBC_2.4
                0x0000cd68                endmntent@@GLIBC_2.4
                0x0000cd74                sigprocmask@@GLIBC_2.4
                0x0000cd80                munlock@@GLIBC_2.4
                0x0000cd8c                cfsetospeed@@GLIBC_2.4
                0x0000cd98                sched_get_priority_min@@GLIBC_2.4
                0x0000cda4                grantpt@@GLIBC_2.4
                0x0000cdb0                __cmsg_nxthdr@@GLIBC_2.4
                0x0000cdbc                sigaction@@GLIBC_2.4
                0x0000cdc8                sigdelset@@GLIBC_2.4
                0x0000cdd4                gmtime_r@@GLIBC_2.4
                0x0000cde0                chdir@@GLIBC_2.4
                0x0000cdec                poll@@GLIBC_2.4
                0x0000cdf8                getmntent@@GLIBC_2.4
                0x0000ce04                strnlen@@GLIBC_2.4
                0x0000ce10                atan2@@GLIBC_2.4
                0x0000ce1c                fputc@@GLIBC_2.4
                0x0000ce28                setpgrp@@GLIBC_2.4
                0x0000ce34                sched_getparam@@GLIBC_2.4
                0x0000ce40                strtok@@GLIBC_2.4
                0x0000ce4c                getcwd@@GLIBC_2.4
                0x0000ce58                rmdir@@GLIBC_2.4
                0x0000ce64                setxattr@@GLIBC_2.4
                0x0000ce70                strtok_r@@GLIBC_2.4
                0x0000ce7c                regexec@@GLIBC_2.4
                0x0000ce88                creat64@@GLIBC_2.4
                0x0000ce94                sleep@@GLIBC_2.4
                0x0000cea0                send@@GLIBC_2.4
                0x0000ceac                strcat@@GLIBC_2.4
                0x0000ceb8                memmove@@GLIBC_2.4
                0x0000cec4                fnmatch@@GLIBC_2.4
                0x0000ced0                setmntent@@GLIBC_2.4
                0x0000cedc                sigfillset@@GLIBC_2.4
                0x0000cee8                pause@@GLIBC_2.4
                0x0000cef4                popen@@GLIBC_2.4
                0x0000cf00                ether_hostton@@GLIBC_2.4
                0x0000cf0c                dup2@@GLIBC_2.4
                0x0000cf18                puts@@GLIBC_2.4
                0x0000cf24                log@@GLIBC_2.4
                0x0000cf30                strftime@@GLIBC_2.4
                0x0000cf3c                tcsetattr@@GLIBC_2.4
                0x0000cf48                ether_aton_r@@GLIBC_2.4
                0x0000cf60                getpid@@GLIBC_2.4
                0x0000cf6c                prctl@@GLIBC_2.4
                0x0000cf78                getutxent@@GLIBC_2.4
                0x0000cf84                closelog@@GLIBC_2.4
                0x0000cf90                fcntl@@GLIBC_2.4
                0x0000cf9c                dup@@GLIBC_2.4
                0x0000cfa8                flock@@GLIBC_2.4
                0x0000cfb4                readlink@@GLIBC_2.4
                0x0000cfc0                cfgetospeed@@GLIBC_2.4
                0x0000cfcc                memrchr@@GLIBC_2.4
                0x0000cfd8                fork@@GLIBC_2.4
                0x0000cfe4                shmctl@@GLIBC_2.4
                0x0000cff0                sin@@GLIBC_2.4
                0x0000cffc                recvmsg@@GLIBC_2.4
                0x0000d008                sched_setaffinity@@GLIBC_2.4
                0x0000d014                rand@@GLIBC_2.4
                0x0000d020                munmap@@GLIBC_2.4
                0x0000d02c                strspn@@GLIBC_2.4
                0x0000d038                __lxstat64@@GLIBC_2.4
                0x0000d044                readdir64@@GLIBC_2.4
                0x0000d050                lchown@@GLIBC_2.4
                0x0000d05c                mlock@@GLIBC_2.4
                0x0000d068                seteuid@@GLIBC_2.4
                0x0000d074                personality@@GLIBC_2.4
                0x0000d080                vfprintf@@GLIBC_2.4
                0x0000d08c                snprintf@@GLIBC_2.4
                0x0000d098                pivot_root@@GLIBC_2.4
                0x0000d0a4                strcspn@@GLIBC_2.4
                0x0000d0b0                fread@@GLIBC_2.4
                0x0000d0bc                getusershell@@GLIBC_2.4
                0x0000d0c8                tcsendbreak@@GLIBC_2.4
                0x0000d0d4                times@@GLIBC_2.4
                0x0000d0e0                fchdir@@GLIBC_2.4
                0x0000d0ec                strncmp@@GLIBC_2.4
                0x0000d0f8                getservbyport@@GLIBC_2.4
                0x0000d104                gnu_dev_major@@GLIBC_2.4
                0x0000d110                putc_unlocked@@GLIBC_2.4
                0x0000d11c                gmtime@@GLIBC_2.4
                0x0000d128                kill@@GLIBC_2.4
                0x0000d134                link@@GLIBC_2.4
                0x0000d140                setgid@@GLIBC_2.4
                0x0000d14c                nanosleep@@GLIBC_2.4
                0x0000d158                getpeername@@GLIBC_2.4
                0x0000d164                utimes@@GLIBC_2.4
                0x0000d170                gethostbyname@@GLIBC_2.4
                0x0000d17c                realloc@@GLIBC_2.4
                0x0000d188                ftruncate64@@GLIBC_2.4
                0x0000d194                chown@@GLIBC_2.4
                0x0000d1a0                setrlimit64@@GLIBC_2.4
                0x0000d1ac                getgroups@@GLIBC_2.4
                0x0000d1b8                recvfrom@@GLIBC_2.4
                0x0000d1c4                sysinfo@@GLIBC_2.4
                0x0000d1d0                getservbyname@@GLIBC_2.4
                0x0000d1dc                getsockopt@@GLIBC_2.4
                0x0000d1e8                pipe@@GLIBC_2.4
                0x0000d1f4                syscall@@GLIBC_2.4
                0x0000d200                setsockopt@@GLIBC_2.4
                0x0000d20c                setresuid@@GLIBC_2.4
                0x0000d218                getsid@@GLIBC_2.4
                0x0000d224                if_indextoname@@GLIBC_2.4
                0x0000d230                strpbrk@@GLIBC_2.4
                0x0000d23c                sigsuspend@@GLIBC_2.4
                0x0000d248                memchr@@GLIBC_2.4
                0x0000d254                fchmod@@GLIBC_2.4
                0x0000d260                tcgetsid@@GLIBC_2.4
                0x0000d26c                setenv@@GLIBC_2.4
                0x0000d278                strcmp@@GLIBC_2.4
                0x0000d284                exit@@GLIBC_2.4
                0x0000d290                cfsetispeed@@GLIBC_2.4
                0x0000d29c                __errno_location@@GLIBC_2.4
                0x0000d2a8                gnu_dev_minor@@GLIBC_2.4
                0x0000d2b4                putchar_unlocked@@GLIBC_2.4
                0x0000d2c0                lutimes@@GLIBC_2.4
                0x0000d2cc                ttyname_r@@GLIBC_2.4
                0x0000d2d8                sprintf@@GLIBC_2.4
                0x0000d2e4                fscanf@@GLIBC_2.4
                0x0000d2f0                mkdtemp@@GLIBC_2.4
                0x0000d2fc                getgid@@GLIBC_2.4
                0x0000d308                getpagesize@@GLIBC_2.4
                0x0000d314                fputs@@GLIBC_2.4
                0x0000d320                semget@@GLIBC_2.4
                0x0000d32c                shmget@@GLIBC_2.4

.iplt
 *(SORT(.iplt))

.text           0x0000d338    0xc5a2c
 *(SORT(.text.unlikely) SORT(.text.*_unlikely))
 *(SORT(.text) SORT(.stub) SORT(.text.*) SORT(.gnu.linkonce.t.*))
 .text.brctl_main
                0x0000d338      0x500 networking/lib.a(brctl.o)
                0x0000d338                brctl_main
 .text.my_SQRT  0x0000d838       0x50 networking/lib.a(ntpd.o)
 .text.lfp_to_d
                0x0000d888       0x40 networking/lib.a(ntpd.o)
 .text.sfp_to_d
                0x0000d8c8       0x50 networking/lib.a(ntpd.o)
 .text.d_to_lfp
                0x0000d918       0x38 networking/lib.a(ntpd.o)
 .text.d_to_sfp
                0x0000d950       0x60 networking/lib.a(ntpd.o)
 .text.filter_datapoints
                0x0000d9b0       0xf8 networking/lib.a(ntpd.o)
 .text.reset_peer_stats
                0x0000daa8       0xb0 networking/lib.a(ntpd.o)
 .text.add_peers
                0x0000db58       0xf0 networking/lib.a(ntpd.o)
 .text.gettime1900d
                0x0000dc48       0x60 networking/lib.a(ntpd.o)
 .text.step_time
                0x0000dca8      0x188 networking/lib.a(ntpd.o)
 .text.select_and_cluster
                0x0000de30      0x4e8 networking/lib.a(ntpd.o)
 .text.update_local_clock
                0x0000e318      0x368 networking/lib.a(ntpd.o)
 .text.recv_and_process_peer_pkt
                0x0000e680      0x3e8 networking/lib.a(ntpd.o)
 .text.ntpd_main
                0x0000ea68      0x550 networking/lib.a(ntpd.o)
                0x0000ea68                ntpd_main
 .text.percent_value
                0x0000efb8       0x70 procps/lib.a(iostat.o)
 .text.percent_value
                0x0000f028       0x70 procps/lib.a(mpstat.o)
 .text.powertop_main
                0x0000f098      0x670 procps/lib.a(powertop.o)
                0x0000f098                powertop_main
 .text.showmode
                0x0000f708      0x1a8 util-linux/lib.a(fbset.o)
 .text.script_main
                0x0000f8b0      0x4a0 util-linux/lib.a(script.o)
                0x0000f8b0                script_main
 .text.scriptreplay_main
                0x0000fd50       0xe8 util-linux/lib.a(scriptreplay.o)
                0x0000fd50                scriptreplay_main
 .text.dd_output_status
                0x0000fe38      0x110 coreutils/lib.a(dd.o)
 .text.seq_main
                0x0000ff48      0x220 coreutils/lib.a(seq.o)
                0x0000ff48                seq_main
 .text.sleep_main
                0x00010168      0x190 coreutils/lib.a(sleep.o)
                0x00010168                sleep_main
 .text.compare_keys
                0x000102f8      0x2d8 coreutils/lib.a(sort.o)
 .text.incvar   0x000105d0       0x28 editors/lib.a(awk.o)
 .text.next_input_file
                0x000105f8      0x110 editors/lib.a(awk.o)
 .text.evaluate
                0x00010708      0xfa0 editors/lib.a(awk.o)
 .text.exec_builtin
                0x000116a8      0x630 editors/lib.a(awk.o)
 .text.awk_main
                0x00011cd8      0x4c0 editors/lib.a(awk.o)
                0x00011cd8                awk_main
 .text.bootchartd_main
                0x00012198      0x550 init/lib.a(bootchartd.o)
                0x00012198                bootchartd_main
 .text          0x000126e8       0x48 /opt/arm-linux-gcc/bin/../lib/gcc/arm-none-linux-gnueabi/4.5.1/libgcc.a(_fixunsdfdi.o)
                0x000126e8                __aeabi_d2ulz
                0x000126e8                __fixunsdfdi
 .text          0x00012730       0x3c /opt/arm-linux-gcc/bin/../arm-none-linux-gnueabi/sys-root/usr/lib/crt1.o
                0x00012730                _start
 .text          0x0001276c       0x24 /opt/arm-linux-gcc/bin/../arm-none-linux-gnueabi/sys-root/usr/lib/crti.o
 .text          0x00012790       0x4c /opt/arm-linux-gcc/bin/../lib/gcc/arm-none-linux-gnueabi/4.5.1/crtbegin.o
 .text.get_trimmed_slice
                0x000127dc       0x34 libbb/lib.a(appletlib.o)
 .text.string_array_len
                0x00012810       0x20 libbb/lib.a(appletlib.o)
                0x00012810                string_array_len
 .text.find_applet_by_name
                0x00012830       0xb8 libbb/lib.a(appletlib.o)
                0x00012830                find_applet_by_name
 .text.parse_config_file
                0x000128e8      0x30c libbb/lib.a(appletlib.o)
 .text.bb_show_usage
                0x00012bf4       0xf4 libbb/lib.a(appletlib.o)
                0x00012bf4                bb_show_usage
 .text.lbb_prepare
                0x00012ce8       0x28 libbb/lib.a(appletlib.o)
                0x00012ce8                lbb_prepare
 .text.run_applet_no_and_exit
                0x00012d10      0x258 libbb/lib.a(appletlib.o)
                0x00012d10                run_applet_no_and_exit
 .text.run_applet_and_exit
                0x00012f68      0x368 libbb/lib.a(appletlib.o)
 .text.main     0x000132d0       0x6c libbb/lib.a(appletlib.o)
                0x000132d0                main
 .text.is_prefixed_with
                0x0001333c       0x34 libbb/lib.a(compare_string_array.o)
                0x0001333c                is_prefixed_with
 .text.index_in_strings
                0x00013370       0x54 libbb/lib.a(compare_string_array.o)
                0x00013370                index_in_strings
 .text.index_in_substrings
                0x000133c4       0x8c libbb/lib.a(compare_string_array.o)
                0x000133c4                index_in_substrings
 .text.nth_string
                0x00013450       0x34 libbb/lib.a(compare_string_array.o)
                0x00013450                nth_string
 .text.concat_path_file
                0x00013484       0x60 libbb/lib.a(concat_path_file.o)
                0x00013484                concat_path_file
 .text.bb_basename
                0x000134e4       0x20 libbb/lib.a(get_last_path_component.o)
                0x000134e4                bb_basename
 .text.bb_get_last_path_component_nostrip
                0x00013504       0x38 libbb/lib.a(get_last_path_component.o)
                0x00013504                bb_get_last_path_component_nostrip
 .text.bb_get_last_path_component_strip
                0x0001353c       0x50 libbb/lib.a(get_last_path_component.o)
                0x0001353c                bb_get_last_path_component_strip
 .text.last_char_is
                0x0001358c       0x3c libbb/lib.a(last_char_is.o)
                0x0001358c                last_char_is
 .text.llist_add_to
                0x000135c8       0x24 libbb/lib.a(llist.o)
                0x000135c8                llist_add_to
 .text.llist_add_to_end
                0x000135ec       0x34 libbb/lib.a(llist.o)
                0x000135ec                llist_add_to_end
 .text.llist_pop
                0x00013620       0x2c libbb/lib.a(llist.o)
                0x00013620                llist_pop
 .text.llist_unlink
                0x0001364c       0x34 libbb/lib.a(llist.o)
                0x0001364c                llist_unlink
 .text.llist_free
                0x00013680       0x38 libbb/lib.a(llist.o)
                0x00013680                llist_free
 .text.llist_rev
                0x000136b8       0x28 libbb/lib.a(llist.o)
                0x000136b8                llist_rev
 .text.llist_find_str
                0x000136e0       0x38 libbb/lib.a(llist.o)
                0x000136e0                llist_find_str
 .text.bb_perror_msg
                0x00013718       0x48 libbb/lib.a(perror_msg.o)
                0x00013718                bb_perror_msg
 .text.bb_perror_msg_and_die
                0x00013760       0x40 libbb/lib.a(perror_msg.o)
                0x00013760                bb_perror_msg_and_die
 .text.bb_simple_perror_msg
                0x000137a0       0x10 libbb/lib.a(perror_msg.o)
                0x000137a0                bb_simple_perror_msg
 .text.bb_simple_perror_msg_and_die
                0x000137b0       0x14 libbb/lib.a(perror_msg.o)
                0x000137b0                bb_simple_perror_msg_and_die
 .text.skip_whitespace
                0x000137c4       0x24 libbb/lib.a(skip_whitespace.o)
                0x000137c4                skip_whitespace
 .text.skip_non_whitespace
                0x000137e8       0x2c libbb/lib.a(skip_whitespace.o)
                0x000137e8                skip_non_whitespace
 .text.skip_dev_pfx
                0x00013814       0x24 libbb/lib.a(skip_whitespace.o)
                0x00013814                skip_dev_pfx
 .text.bb_verror_msg
                0x00013838      0x214 libbb/lib.a(verror_msg.o)
                0x00013838                bb_verror_msg
 .text.bb_error_msg_and_die
                0x00013a4c       0x20 libbb/lib.a(verror_msg.o)
                0x00013a4c                bb_error_msg_and_die
 .text.bb_error_msg
                0x00013a6c       0x28 libbb/lib.a(verror_msg.o)
                0x00013a6c                bb_error_msg
 .text.xfdopen_helper
                0x00013a94       0x38 libbb/lib.a(wfopen.o)
 .text.fopen_or_warn
                0x00013acc       0x24 libbb/lib.a(wfopen.o)
                0x00013acc                fopen_or_warn
 .text.fopen_for_read
                0x00013af0        0xc libbb/lib.a(wfopen.o)
                0x00013af0                fopen_for_read
 .text.xfopen_for_read
                0x00013afc        0xc libbb/lib.a(wfopen.o)
                0x00013afc                xfopen_for_read
 .text.fopen_for_write
                0x00013b08        0xc libbb/lib.a(wfopen.o)
                0x00013b08                fopen_for_write
 .text.xfopen_for_write
                0x00013b14        0xc libbb/lib.a(wfopen.o)
                0x00013b14                xfopen_for_write
 .text.xfdopen_for_read
                0x00013b20        0x8 libbb/lib.a(wfopen.o)
                0x00013b20                xfdopen_for_read
 .text.xfdopen_for_write
                0x00013b28        0xc libbb/lib.a(wfopen.o)
                0x00013b28                xfdopen_for_write
 .text.xfunc_die
                0x00013b34       0x2c libbb/lib.a(xfunc_die.o)
                0x00013b34                xfunc_die
 .text.wh_helper
                0x00013b60       0x4c libbb/lib.a(xfuncs.o)
 .text.ndelay_on
                0x00013bac       0x34 libbb/lib.a(xfuncs.o)
                0x00013bac                ndelay_on
 .text.ndelay_off
                0x00013be0       0x34 libbb/lib.a(xfuncs.o)
                0x00013be0                ndelay_off
 .text.close_on_exec_on
                0x00013c14        0xc libbb/lib.a(xfuncs.o)
                0x00013c14                close_on_exec_on
 .text.strncpy_IFNAMSIZ
                0x00013c20        0x8 libbb/lib.a(xfuncs.o)
                0x00013c20                strncpy_IFNAMSIZ
 .text.utoa_to_buf
                0x00013c28       0x94 libbb/lib.a(xfuncs.o)
                0x00013c28                utoa_to_buf
 .text.itoa_to_buf
                0x00013cbc       0x28 libbb/lib.a(xfuncs.o)
                0x00013cbc                itoa_to_buf
 .text.utoa     0x00013ce4       0x28 libbb/lib.a(xfuncs.o)
                0x00013ce4                utoa
 .text.itoa     0x00013d0c       0x28 libbb/lib.a(xfuncs.o)
                0x00013d0c                itoa
 .text.bin2hex  0x00013d34       0x50 libbb/lib.a(xfuncs.o)
                0x00013d34                bin2hex
 .text.hex2bin  0x00013d84       0xf0 libbb/lib.a(xfuncs.o)
                0x00013d84                hex2bin
 .text.bb_putchar_stderr
                0x00013e74       0x1c libbb/lib.a(xfuncs.o)
                0x00013e74                bb_putchar_stderr
 .text.full_write1_str
                0x00013e90       0x20 libbb/lib.a(xfuncs.o)
                0x00013e90                full_write1_str
 .text.full_write2_str
                0x00013eb0       0x20 libbb/lib.a(xfuncs.o)
                0x00013eb0                full_write2_str
 .text.get_terminal_width_height
                0x00013ed0      0x114 libbb/lib.a(xfuncs.o)
                0x00013ed0                get_terminal_width_height
 .text.get_terminal_width
                0x00013fe4       0x18 libbb/lib.a(xfuncs.o)
                0x00013fe4                get_terminal_width
 .text.tcsetattr_stdin_TCSANOW
                0x00013ffc       0x10 libbb/lib.a(xfuncs.o)
                0x00013ffc                tcsetattr_stdin_TCSANOW
 .text.get_termios_and_make_raw
                0x0001400c       0xbc libbb/lib.a(xfuncs.o)
                0x0001400c                get_termios_and_make_raw
 .text.set_termios_to_raw
                0x000140c8       0x3c libbb/lib.a(xfuncs.o)
                0x000140c8                set_termios_to_raw
 .text.safe_waitpid
                0x00014104       0x44 libbb/lib.a(xfuncs.o)
                0x00014104                safe_waitpid
 .text.wait_any_nohang
                0x00014148       0x10 libbb/lib.a(xfuncs.o)
                0x00014148                wait_any_nohang
 .text.wait4pid
                0x00014158       0x54 libbb/lib.a(xfuncs.o)
                0x00014158                wait4pid
 .text.wait_for_exitstatus
                0x000141ac       0x2c libbb/lib.a(xfuncs.o)
                0x000141ac                wait_for_exitstatus
 .text.malloc_or_warn
                0x000141d8       0x3c libbb/lib.a(xfuncs_printf.o)
                0x000141d8                malloc_or_warn
 .text.xmalloc  0x00014214       0x30 libbb/lib.a(xfuncs_printf.o)
                0x00014214                xmalloc
 .text.xrealloc
                0x00014244       0x30 libbb/lib.a(xfuncs_printf.o)
                0x00014244                xrealloc
 .text.xzalloc  0x00014274       0x24 libbb/lib.a(xfuncs_printf.o)
                0x00014274                xzalloc
 .text.xstrdup  0x00014298       0x2c libbb/lib.a(xfuncs_printf.o)
                0x00014298                xstrdup
 .text.xstrndup
                0x000142c4       0x50 libbb/lib.a(xfuncs_printf.o)
                0x000142c4                xstrndup
 .text.xmemdup  0x00014314       0x24 libbb/lib.a(xfuncs_printf.o)
                0x00014314                xmemdup
 .text.xfopen   0x00014338       0x24 libbb/lib.a(xfuncs_printf.o)
                0x00014338                xfopen
 .text.xopen3   0x0001435c       0x24 libbb/lib.a(xfuncs_printf.o)
                0x0001435c                xopen3
 .text.xopen    0x00014380        0xc libbb/lib.a(xfuncs_printf.o)
                0x00014380                xopen
 .text.open3_or_warn
                0x0001438c       0x2c libbb/lib.a(xfuncs_printf.o)
                0x0001438c                open3_or_warn
 .text.open_or_warn
                0x000143b8        0xc libbb/lib.a(xfuncs_printf.o)
                0x000143b8                open_or_warn
 .text.xopen_nonblocking
                0x000143c4        0x8 libbb/lib.a(xfuncs_printf.o)
                0x000143c4                xopen_nonblocking
 .text.xunlink  0x000143cc       0x24 libbb/lib.a(xfuncs_printf.o)
                0x000143cc                xunlink
 .text.xrename  0x000143f0       0x2c libbb/lib.a(xfuncs_printf.o)
                0x000143f0                xrename
 .text.rename_or_warn
                0x0001441c       0x34 libbb/lib.a(xfuncs_printf.o)
                0x0001441c                rename_or_warn
 .text.xpipe    0x00014450       0x1c libbb/lib.a(xfuncs_printf.o)
                0x00014450                xpipe
 .text.xdup2    0x0001446c       0x20 libbb/lib.a(xfuncs_printf.o)
                0x0001446c                xdup2
 .text.xmove_fd
                0x0001448c       0x20 libbb/lib.a(xfuncs_printf.o)
                0x0001448c                xmove_fd
 .text.xwrite   0x000144ac       0x38 libbb/lib.a(xfuncs_printf.o)
                0x000144ac                xwrite
 .text.xwrite_str
                0x000144e4       0x28 libbb/lib.a(xfuncs_printf.o)
                0x000144e4                xwrite_str
 .text.xclose   0x0001450c       0x1c libbb/lib.a(xfuncs_printf.o)
                0x0001450c                xclose
 .text.xlseek   0x00014528       0x54 libbb/lib.a(xfuncs_printf.o)
                0x00014528                xlseek
 .text.xmkstemp
                0x0001457c       0x24 libbb/lib.a(xfuncs_printf.o)
                0x0001457c                xmkstemp
 .text.die_if_ferror
                0x000145a0       0x24 libbb/lib.a(xfuncs_printf.o)
                0x000145a0                die_if_ferror
 .text.die_if_ferror_stdout
                0x000145c4       0x18 libbb/lib.a(xfuncs_printf.o)
                0x000145c4                die_if_ferror_stdout
 .text.fflush_all
                0x000145dc        0x8 libbb/lib.a(xfuncs_printf.o)
                0x000145dc                fflush_all
 .text.bb_putchar
                0x000145e4        0x4 libbb/lib.a(xfuncs_printf.o)
                0x000145e4                bb_putchar
 .text.xprint_and_close_file
                0x000145e8       0x3c libbb/lib.a(xfuncs_printf.o)
                0x000145e8                xprint_and_close_file
 .text.xasprintf
                0x00014624       0x40 libbb/lib.a(xfuncs_printf.o)
                0x00014624                xasprintf
 .text.xsetenv  0x00014664       0x20 libbb/lib.a(xfuncs_printf.o)
                0x00014664                xsetenv
 .text.bb_unsetenv
                0x00014684       0x74 libbb/lib.a(xfuncs_printf.o)
                0x00014684                bb_unsetenv
 .text.bb_unsetenv_and_free
                0x000146f8       0x18 libbb/lib.a(xfuncs_printf.o)
                0x000146f8                bb_unsetenv_and_free
 .text.xsetgid  0x00014710       0x1c libbb/lib.a(xfuncs_printf.o)
                0x00014710                xsetgid
 .text.xsetuid  0x0001472c       0x1c libbb/lib.a(xfuncs_printf.o)
                0x0001472c                xsetuid
 .text.xsetegid
                0x00014748       0x1c libbb/lib.a(xfuncs_printf.o)
                0x00014748                xsetegid
 .text.xseteuid
                0x00014764       0x1c libbb/lib.a(xfuncs_printf.o)
                0x00014764                xseteuid
 .text.xopen_as_uid_gid
                0x00014780       0x5c libbb/lib.a(xfuncs_printf.o)
                0x00014780                xopen_as_uid_gid
 .text.xchdir   0x000147dc       0x24 libbb/lib.a(xfuncs_printf.o)
                0x000147dc                xchdir
 .text.xfchdir  0x00014800       0x1c libbb/lib.a(xfuncs_printf.o)
                0x00014800                xfchdir
 .text.xchroot  0x0001481c       0x34 libbb/lib.a(xfuncs_printf.o)
                0x0001481c                xchroot
 .text.warn_opendir
                0x00014850       0x2c libbb/lib.a(xfuncs_printf.o)
                0x00014850                warn_opendir
 .text.xopendir
                0x0001487c       0x24 libbb/lib.a(xfuncs_printf.o)
                0x0001487c                xopendir
 .text.xsocket  0x000148a0       0x1c libbb/lib.a(xfuncs_printf.o)
                0x000148a0                xsocket
 .text.xbind    0x000148bc       0x1c libbb/lib.a(xfuncs_printf.o)
                0x000148bc                xbind
 .text.xlisten  0x000148d8       0x1c libbb/lib.a(xfuncs_printf.o)
                0x000148d8                xlisten
 .text.xsendto  0x000148f4       0x30 libbb/lib.a(xfuncs_printf.o)
                0x000148f4                xsendto
 .text.xstat    0x00014924       0x24 libbb/lib.a(xfuncs_printf.o)
                0x00014924                xstat
 .text.xfstat   0x00014948       0x1c libbb/lib.a(xfuncs_printf.o)
                0x00014948                xfstat
 .text.ioctl_or_perror_and_die
                0x00014964       0x50 libbb/lib.a(xfuncs_printf.o)
                0x00014964                ioctl_or_perror_and_die
 .text.ioctl_or_perror
                0x000149b4       0x50 libbb/lib.a(xfuncs_printf.o)
                0x000149b4                ioctl_or_perror
 .text.bb_ioctl_or_warn
                0x00014a04       0x24 libbb/lib.a(xfuncs_printf.o)
                0x00014a04                bb_ioctl_or_warn
 .text.bb_xioctl
                0x00014a28       0x1c libbb/lib.a(xfuncs_printf.o)
                0x00014a28                bb_xioctl
 .text.xmalloc_ttyname
                0x00014a44       0x34 libbb/lib.a(xfuncs_printf.o)
                0x00014a44                xmalloc_ttyname
 .text.generate_uuid
                0x00014a78       0xa4 libbb/lib.a(xfuncs_printf.o)
                0x00014a78                generate_uuid
 .text.xfork    0x00014b1c       0x1c libbb/lib.a(xfuncs_printf.o)
                0x00014b1c                xfork
 .text.xvfork_parent_waits_and_exits
                0x00014b38       0x54 libbb/lib.a(xfuncs_printf.o)
                0x00014b38                xvfork_parent_waits_and_exits
 .text.xmalloc_readlink
                0x00014b8c       0x64 libbb/lib.a(xreadlink.o)
                0x00014b8c                xmalloc_readlink
 .text.xmalloc_follow_symlinks
                0x00014bf0       0xc0 libbb/lib.a(xreadlink.o)
                0x00014bf0                xmalloc_follow_symlinks
 .text.xmalloc_readlink_or_warn
                0x00014cb0       0x54 libbb/lib.a(xreadlink.o)
                0x00014cb0                xmalloc_readlink_or_warn
 .text.xmalloc_realpath
                0x00014d04        0x8 libbb/lib.a(xreadlink.o)
                0x00014d04                xmalloc_realpath
 .text.bb_full_fd_action
                0x00014d0c      0x184 libbb/lib.a(copyfd.o)
 .text.bb_copyfd_size
                0x00014e90       0x18 libbb/lib.a(copyfd.o)
                0x00014e90                bb_copyfd_size
 .text.bb_copyfd_exact_size
                0x00014ea8       0x58 libbb/lib.a(copyfd.o)
                0x00014ea8                bb_copyfd_exact_size
 .text.bb_copyfd_eof
                0x00014f00        0xc libbb/lib.a(copyfd.o)
                0x00014f00                bb_copyfd_eof
 .text.full_write
                0x00014f0c       0x58 libbb/lib.a(full_write.o)
                0x00014f0c                full_write
 .text.safe_read
                0x00014f64       0x44 libbb/lib.a(read.o)
                0x00014f64                safe_read
 .text.full_read
                0x00014fa8       0x5c libbb/lib.a(read.o)
                0x00014fa8                full_read
 .text.read_close
                0x00015004       0x20 libbb/lib.a(read.o)
                0x00015004                read_close
 .text.open_read_close
                0x00015024       0x2c libbb/lib.a(read.o)
                0x00015024                open_read_close
 .text.safe_write
                0x00015050       0x4c libbb/lib.a(safe_write.o)
                0x00015050                safe_write
 .text.record_signo
                0x0001509c       0x10 libbb/lib.a(signals.o)
                0x0001509c                record_signo
 .text.sigaction_set
                0x000150ac        0x8 libbb/lib.a(signals.o)
                0x000150ac                sigaction_set
 .text.sigprocmask_allsigs
                0x000150b4       0x30 libbb/lib.a(signals.o)
                0x000150b4                sigprocmask_allsigs
 .text.bb_signals
                0x000150e4       0x44 libbb/lib.a(signals.o)
                0x000150e4                bb_signals
 .text.bb_signals_recursive_norestart
                0x00015128       0x64 libbb/lib.a(signals.o)
                0x00015128                bb_signals_recursive_norestart
 .text.sig_block
                0x0001518c       0x3c libbb/lib.a(signals.o)
                0x0001518c                sig_block
 .text.sig_unblock
                0x000151c8       0x3c libbb/lib.a(signals.o)
                0x000151c8                sig_unblock
 .text.wait_for_any_sig
                0x00015204       0x24 libbb/lib.a(signals.o)
                0x00015204                wait_for_any_sig
 .text.kill_myself_with_sig
                0x00015228       0x28 libbb/lib.a(signals.o)
                0x00015228                kill_myself_with_sig
 .text.signal_SA_RESTART_empty_mask
                0x00015250       0x44 libbb/lib.a(signals.o)
                0x00015250                signal_SA_RESTART_empty_mask
 .text.signal_no_SA_RESTART_empty_mask
                0x00015294       0x3c libbb/lib.a(signals.o)
                0x00015294                signal_no_SA_RESTART_empty_mask
 .text.get_mono
                0x000152d0       0x2c libbb/lib.a(time.o)
 .text.strftime_fmt
                0x000152fc       0x48 libbb/lib.a(time.o)
 .text.parse_datestr
                0x00015344      0x4b8 libbb/lib.a(time.o)
                0x00015344                parse_datestr
 .text.validate_tm_time
                0x000157fc       0x28 libbb/lib.a(time.o)
                0x000157fc                validate_tm_time
 .text.strftime_HHMMSS
                0x00015824        0xc libbb/lib.a(time.o)
                0x00015824                strftime_HHMMSS
 .text.strftime_YYYYMMDDHHMMSS
                0x00015830        0xc libbb/lib.a(time.o)
                0x00015830                strftime_YYYYMMDDHHMMSS
 .text.monotonic_us
                0x0001583c       0x40 libbb/lib.a(time.o)
                0x0001583c                monotonic_us
 .text.monotonic_ms
                0x0001587c       0x40 libbb/lib.a(time.o)
                0x0001587c                monotonic_ms
 .text.monotonic_sec
                0x000158bc       0x14 libbb/lib.a(time.o)
                0x000158bc                monotonic_sec
 .text.ret_ERANGE
                0x000158d0       0x20 libbb/lib.a(bb_strtonum.o)
 .text.handle_errors.clone.0
                0x000158f0       0x58 libbb/lib.a(bb_strtonum.o)
 .text.bb_strtoull
                0x00015948       0x68 libbb/lib.a(bb_strtonum.o)
                0x00015948                bb_strtoull
 .text.bb_strtoll
                0x000159b0       0x70 libbb/lib.a(bb_strtonum.o)
                0x000159b0                bb_strtoll
 .text.bb_strtoul
                0x00015a20       0x6c libbb/lib.a(bb_strtonum.o)
                0x00015a20                bb_strtoul
 .text.bb_strtol
                0x00015a8c       0x74 libbb/lib.a(bb_strtonum.o)
                0x00015a8c                bb_strtol
 .text.get_S    0x00015b00      0x118 libpwdgrp/lib.a(pwd_grp.o)
 .text.tokenize
                0x00015c18       0xc8 libpwdgrp/lib.a(pwd_grp.o)
 .text.convert_to_struct
                0x00015ce0      0x18c libpwdgrp/lib.a(pwd_grp.o)
 .text.parse_common
                0x00015e6c       0xf8 libpwdgrp/lib.a(pwd_grp.o)
 .text.getgrouplist_internal
                0x00015f64       0xfc libpwdgrp/lib.a(pwd_grp.o)
 .text.parse_file
                0x00016060       0x48 libpwdgrp/lib.a(pwd_grp.o)
 .text.getXXnam_r
                0x000160a8       0xac libpwdgrp/lib.a(pwd_grp.o)
 .text.massage_data_for_non_r_func
                0x00016154       0x78 libpwdgrp/lib.a(pwd_grp.o)
 .text.getXXnam
                0x000161cc       0x38 libpwdgrp/lib.a(pwd_grp.o)
 .text.bb_internal_getspnam_r
                0x00016204       0x10 libpwdgrp/lib.a(pwd_grp.o)
                0x00016204                bb_internal_getspnam_r
 .text.bb_internal_getpwent
                0x00016214       0x58 libpwdgrp/lib.a(pwd_grp.o)
                0x00016214                bb_internal_getpwent
 .text.bb_internal_getpwnam
                0x0001626c        0x8 libpwdgrp/lib.a(pwd_grp.o)
                0x0001626c                bb_internal_getpwnam
 .text.bb_internal_getgrnam
                0x00016274        0x8 libpwdgrp/lib.a(pwd_grp.o)
                0x00016274                bb_internal_getgrnam
 .text.bb_internal_getpwuid
                0x0001627c       0x14 libpwdgrp/lib.a(pwd_grp.o)
                0x0001627c                bb_internal_getpwuid
 .text.bb_internal_getgrgid
                0x00016290       0x14 libpwdgrp/lib.a(pwd_grp.o)
                0x00016290                bb_internal_getgrgid
 .text.bb_internal_endpwent
                0x000162a4       0x38 libpwdgrp/lib.a(pwd_grp.o)
                0x000162a4                bb_internal_endpwent
 .text.bb_internal_setpwent
                0x000162dc       0x24 libpwdgrp/lib.a(pwd_grp.o)
                0x000162dc                bb_internal_setpwent
 .text.bb_internal_endgrent
                0x00016300       0x38 libpwdgrp/lib.a(pwd_grp.o)
                0x00016300                bb_internal_endgrent
 .text.bb_internal_initgroups
                0x00016338       0x3c libpwdgrp/lib.a(pwd_grp.o)
                0x00016338                bb_internal_initgroups
 .text.bb_internal_getgrouplist
                0x00016374       0x5c libpwdgrp/lib.a(pwd_grp.o)
                0x00016374                bb_internal_getgrouplist
 .text.get_uidgid
                0x000163d0      0x104 libpwdgrp/lib.a(uidgid_get.o)
                0x000163d0                get_uidgid
 .text.xget_uidgid
                0x000164d4       0x24 libpwdgrp/lib.a(uidgid_get.o)
                0x000164d4                xget_uidgid
 .text.parse_chown_usergroup_or_die
                0x000164f8       0xa4 libpwdgrp/lib.a(uidgid_get.o)
                0x000164f8                parse_chown_usergroup_or_die
 .text.add_remove_shell_main
                0x0001659c      0x16c loginutils/lib.a(add-remove-shell.o)
                0x0001659c                add_remove_shell_main
 .text.addgroup_main
                0x00016708      0x214 loginutils/lib.a(addgroup.o)
                0x00016708                addgroup_main
 .text.addgroup_wrapper
                0x0001691c       0x7c loginutils/lib.a(adduser.o)
 .text.adduser_main
                0x00016998      0x43c loginutils/lib.a(adduser.o)
                0x00016998                adduser_main
 .text.chpasswd_main
                0x00016dd4      0x184 loginutils/lib.a(chpasswd.o)
                0x00016dd4                chpasswd_main
 .text.cryptpw_main
                0x00016f58      0x120 loginutils/lib.a(cryptpw.o)
                0x00016f58                cryptpw_main
 .text.deluser_main
                0x00017078      0x1cc loginutils/lib.a(deluser.o)
                0x00017078                deluser_main
 .text.bcode    0x00017244       0x20 loginutils/lib.a(getty.o)
 .text.sleep10  0x00017264        0x8 loginutils/lib.a(getty.o)
 .text.set_tty_attrs
                0x0001726c       0x2c loginutils/lib.a(getty.o)
 .text.finalize_tty_attrs
                0x00017298       0x88 loginutils/lib.a(getty.o)
 .text.alarm_handler
                0x00017320       0x10 loginutils/lib.a(getty.o)
 .text.getty_main
                0x00017330      0x7f0 loginutils/lib.a(getty.o)
                0x00017330                getty_main
 .text.alarm_handler
                0x00017b20       0x3c loginutils/lib.a(login.o)
 .text.login_main
                0x00017b5c      0x510 loginutils/lib.a(login.o)
                0x00017b5c                login_main
 .text.passwd_main
                0x0001806c      0x470 loginutils/lib.a(passwd.o)
                0x0001806c                passwd_main
 .text.su_main  0x000184dc      0x26c loginutils/lib.a(su.o)
                0x000184dc                su_main
 .text.sulogin_main
                0x00018748      0x140 loginutils/lib.a(sulogin.o)
                0x00018748                sulogin_main
 .text.acquire_vt
                0x00018888       0x14 loginutils/lib.a(vlock.o)
 .text.release_vt
                0x0001889c       0x28 loginutils/lib.a(vlock.o)
 .text.vlock_main
                0x000188c4      0x1bc loginutils/lib.a(vlock.o)
                0x000188c4                vlock_main
 .text.makemime_main
                0x00018a80      0x1a4 mailutils/lib.a(makemime.o)
                0x00018a80                makemime_main
 .text.pop3_checkr
                0x00018c24       0xa4 mailutils/lib.a(popmaildir.o)
 .text.pop3_check
                0x00018cc8        0x8 mailutils/lib.a(popmaildir.o)
 .text.popmaildir_main
                0x00018cd0      0x3d8 mailutils/lib.a(popmaildir.o)
                0x00018cd0                popmaildir_main
 .text.find_token
                0x000190a8       0x54 mailutils/lib.a(reformime.o)
 .text.parse    0x000190fc      0x49c mailutils/lib.a(reformime.o)
 .text.reformime_main
                0x00019598       0xa0 mailutils/lib.a(reformime.o)
                0x00019598                reformime_main
 .text.smtp_checkp
                0x00019638       0xdc mailutils/lib.a(sendmail.o)
 .text.rcptto   0x00019714       0x44 mailutils/lib.a(sendmail.o)
 .text.smtp_check
                0x00019758        0xc mailutils/lib.a(sendmail.o)
 .text.sane_address
                0x00019764       0x78 mailutils/lib.a(sendmail.o)
 .text.angle_address
                0x000197dc       0x4c mailutils/lib.a(sendmail.o)
 .text.rcptto_list
                0x00019828       0x8c mailutils/lib.a(sendmail.o)
 .text.send_r_n
                0x000198b4       0x44 mailutils/lib.a(sendmail.o)
 .text.sendmail_main
                0x000198f8      0x59c mailutils/lib.a(sendmail.o)
                0x000198f8                sendmail_main
 .text.signal_handler
                0x00019e94       0x8c mailutils/lib.a(mail.o)
 .text.launch_helper
                0x00019f20      0x108 mailutils/lib.a(mail.o)
                0x00019f20                launch_helper
 .text.send_mail_command
                0x0001a028       0x78 mailutils/lib.a(mail.o)
                0x0001a028                send_mail_command
 .text.encode_base64
                0x0001a0a0      0x138 mailutils/lib.a(mail.o)
                0x0001a0a0                encode_base64
 .text.get_cred_or_die
                0x0001a1d8       0xb4 mailutils/lib.a(mail.o)
                0x0001a1d8                get_cred_or_die
 .text.adjtimex_main
                0x0001a28c      0x1dc miscutils/lib.a(adjtimex.o)
                0x0001a28c                adjtimex_main
 .text.beep_main
                0x0001a468      0x170 miscutils/lib.a(beep.o)
                0x0001a468                beep_main
 .text.signal_handler
                0x0001a5d8       0x14 miscutils/lib.a(chat.o)
 .text.unescape
                0x0001a5ec       0xd0 miscutils/lib.a(chat.o)
 .text.chat_main
                0x0001a6bc      0x5c4 miscutils/lib.a(chat.o)
                0x0001a6bc                chat_main
 .text.create_cdev_if_doesnt_exist
                0x0001ac80       0x5c miscutils/lib.a(conspy.o)
 .text.start_shell_in_child
                0x0001acdc       0xfc miscutils/lib.a(conspy.o)
 .text.putcsi   0x0001add8       0x30 miscutils/lib.a(conspy.o)
 .text.set_cursor
                0x0001ae08       0x48 miscutils/lib.a(conspy.o)
 .text.gotoxy   0x0001ae50       0x44 miscutils/lib.a(conspy.o)
 .text.screen_char
                0x0001ae94      0x164 miscutils/lib.a(conspy.o)
 .text.screen_dump
                0x0001aff8       0xf8 miscutils/lib.a(conspy.o)
 .text.cleanup  0x0001b0f0       0x6c miscutils/lib.a(conspy.o)
 .text.screen_read_close
                0x0001b15c      0x12c miscutils/lib.a(conspy.o)
 .text.conspy_main
                0x0001b288      0x5e4 miscutils/lib.a(conspy.o)
                0x0001b288                conspy_main
 .text.crondlog
                0x0001b86c       0x48 miscutils/lib.a(crond.o)
 .text.log8     0x0001b8b4       0x28 miscutils/lib.a(crond.o)
 .text.log7     0x0001b8dc       0x28 miscutils/lib.a(crond.o)
 .text.log5     0x0001b904       0x28 miscutils/lib.a(crond.o)
 .text.reopen_logfile_to_stderr
                0x0001b92c       0x38 miscutils/lib.a(crond.o)
 .text.delete_cronfile
                0x0001b964       0xb0 miscutils/lib.a(crond.o)
 .text.ParseField
                0x0001ba14      0x248 miscutils/lib.a(crond.o)
 .text.load_crontab
                0x0001bc5c      0x410 miscutils/lib.a(crond.o)
 .text.rescan_crontab_dir
                0x0001c06c       0xb0 miscutils/lib.a(crond.o)
 .text.safe_setenv
                0x0001c11c       0x40 miscutils/lib.a(crond.o)
 .text.fork_job
                0x0001c15c      0x210 miscutils/lib.a(crond.o)
 .text.start_jobs
                0x0001c36c      0x1a0 miscutils/lib.a(crond.o)
 .text.crond_main
                0x0001c50c      0x508 miscutils/lib.a(crond.o)
                0x0001c50c                crond_main
 .text.edit_file
                0x0001ca14       0x9c miscutils/lib.a(crontab.o)
 .text.crontab_main
                0x0001cab0      0x2ac miscutils/lib.a(crontab.o)
                0x0001cab0                crontab_main
 .text.check_under
                0x0001cd5c       0x24 miscutils/lib.a(dc.o)
 .text.pop      0x0001cd80       0x2c miscutils/lib.a(dc.o)
 .text.push     0x0001cdac       0x3c miscutils/lib.a(dc.o)
 .text.divide   0x0001cde8       0x24 miscutils/lib.a(dc.o)
 .text.mul      0x0001ce0c       0x24 miscutils/lib.a(dc.o)
 .text.sub      0x0001ce30       0x24 miscutils/lib.a(dc.o)
 .text.add      0x0001ce54       0x24 miscutils/lib.a(dc.o)
 .text.eor      0x0001ce78       0x44 miscutils/lib.a(dc.o)
 .text.not      0x0001cebc       0x28 miscutils/lib.a(dc.o)
 .text.or       0x0001cee4       0x44 miscutils/lib.a(dc.o)
 .text.and      0x0001cf28       0x44 miscutils/lib.a(dc.o)
 .text.mod      0x0001cf6c       0x58 miscutils/lib.a(dc.o)
 .text.stack_machine
                0x0001cfc4       0xac miscutils/lib.a(dc.o)
 .text.set_output_base
                0x0001d070       0x54 miscutils/lib.a(dc.o)
 .text.print_base
                0x0001d0c4      0x100 miscutils/lib.a(dc.o)
 .text.print_stack_no_pop
                0x0001d1c4       0x34 miscutils/lib.a(dc.o)
 .text.print_no_pop
                0x0001d1f8       0x28 miscutils/lib.a(dc.o)
 .text.power    0x0001d220       0x2c miscutils/lib.a(dc.o)
 .text.dc_main  0x0001d24c       0x70 miscutils/lib.a(dc.o)
                0x0001d24c                dc_main
 .text.devmem_main
                0x0001d2bc      0x23c miscutils/lib.a(devmem.o)
                0x0001d2bc                devmem_main
 .text.fb_pixel_value
                0x0001d4f8       0x7c miscutils/lib.a(fbsplash.o)
 .text.fb_write_pixel
                0x0001d574       0x48 miscutils/lib.a(fbsplash.o)
 .text.fb_drawfullrectangle
                0x0001d5bc       0x84 miscutils/lib.a(fbsplash.o)
 .text.fb_drawprogressbar
                0x0001d640      0x204 miscutils/lib.a(fbsplash.o)
 .text.fb_setpal
                0x0001d844       0xb8 miscutils/lib.a(fbsplash.o)
 .text.fbsplash_main
                0x0001d8fc      0x4c4 miscutils/lib.a(fbsplash.o)
                0x0001d8fc                fbsplash_main
 .text.parse_opts
                0x0001ddc0       0x34 miscutils/lib.a(hdparm.o)
 .text.parse_opts_0_1
                0x0001ddf4        0xc miscutils/lib.a(hdparm.o)
 .text.parse_opts_0_max
                0x0001de00        0xc miscutils/lib.a(hdparm.o)
 .text.parse_opts_0_INTMAX
                0x0001de0c        0xc miscutils/lib.a(hdparm.o)
 .text.parse_xfermode
                0x0001de18       0xbc miscutils/lib.a(hdparm.o)
 .text.read_big_block
                0x0001ded4       0x38 miscutils/lib.a(hdparm.o)
 .text.xprint_ascii
                0x0001df0c       0x90 miscutils/lib.a(hdparm.o)
 .text.mode_loop
                0x0001df9c       0x88 miscutils/lib.a(hdparm.o)
 .text.print_flag
                0x0001e024       0x14 miscutils/lib.a(hdparm.o)
 .text.on_off   0x0001e038       0x20 miscutils/lib.a(hdparm.o)
 .text.print_flag_on_off
                0x0001e058       0x28 miscutils/lib.a(hdparm.o)
 .text.print_value_on_off
                0x0001e080       0x30 miscutils/lib.a(hdparm.o)
 .text.bus_state_value
                0x0001e0b0       0x38 miscutils/lib.a(hdparm.o)
 .text.identify
                0x0001e0e8     0x1270 miscutils/lib.a(hdparm.o)
 .text.identify_from_stdin
                0x0001f358       0xa4 miscutils/lib.a(hdparm.o)
 .text.dump_identity
                0x0001f3fc      0x4b4 miscutils/lib.a(hdparm.o)
 .text.seek_to_zero
                0x0001f8b0       0x20 miscutils/lib.a(hdparm.o)
 .text.flush_buffer_cache
                0x0001f8d0       0x74 miscutils/lib.a(hdparm.o)
 .text.do_time  0x0001f944      0x1f0 miscutils/lib.a(hdparm.o)
 .text.ioctl_alt_func.clone.0
                0x0001fb34       0x48 miscutils/lib.a(hdparm.o)
 .text.process_dev
                0x0001fb7c      0xe40 miscutils/lib.a(hdparm.o)
 .text.hdparm_main
                0x000209bc      0x45c miscutils/lib.a(hdparm.o)
                0x000209bc                hdparm_main
 .text.format_line
                0x00020e18      0x100 miscutils/lib.a(hexedit.o)
 .text.redraw_cur_line
                0x00020f18       0x74 miscutils/lib.a(hexedit.o)
 .text.redraw   0x00020f8c       0xf0 miscutils/lib.a(hexedit.o)
 .text.restore_term
                0x0002107c       0x2c miscutils/lib.a(hexedit.o)
 .text.remap    0x000210a8       0xbc miscutils/lib.a(hexedit.o)
 .text.move_mapping_further
                0x00021164       0x94 miscutils/lib.a(hexedit.o)
 .text.move_mapping_lower
                0x000211f8       0x78 miscutils/lib.a(hexedit.o)
 .text.sig_catcher
                0x00021270       0x38 miscutils/lib.a(hexedit.o)
 .text.hexedit_main
                0x000212a8      0x55c miscutils/lib.a(hexedit.o)
                0x000212a8                hexedit_main
 .text.i2c_smbus_access
                0x00021804       0x2c miscutils/lib.a(i2c_tools.o)
 .text.i2c_smbus_read_byte
                0x00021830       0x30 miscutils/lib.a(i2c_tools.o)
 .text.i2c_smbus_write_byte
                0x00021860       0x1c miscutils/lib.a(i2c_tools.o)
 .text.i2c_smbus_read_byte_data
                0x0002187c       0x30 miscutils/lib.a(i2c_tools.o)
 .text.i2c_smbus_read_word_data
                0x000218ac       0x30 miscutils/lib.a(i2c_tools.o)
 .text.i2c_dev_open
                0x000218dc       0x78 miscutils/lib.a(i2c_tools.o)
 .text.get_funcs_matrix
                0x00021954       0x18 miscutils/lib.a(i2c_tools.o)
 .text.list_i2c_busses_and_exit
                0x0002196c      0x230 miscutils/lib.a(i2c_tools.o)
 .text.i2c_set_slave_addr
                0x00021b9c       0x38 miscutils/lib.a(i2c_tools.o)
 .text.i2c_set_pec
                0x00021bd4       0x1c miscutils/lib.a(i2c_tools.o)
 .text.i2c_bus_lookup
                0x00021bf0       0x14 miscutils/lib.a(i2c_tools.o)
 .text.i2c_parse_bus_addr
                0x00021c04       0x10 miscutils/lib.a(i2c_tools.o)
 .text.i2c_parse_data_addr
                0x00021c14       0x10 miscutils/lib.a(i2c_tools.o)
 .text.no_support
                0x00021c24       0x14 miscutils/lib.a(i2c_tools.o)
 .text.will_skip
                0x00021c38       0x10 miscutils/lib.a(i2c_tools.o)
 .text.check_funcs_test_end
                0x00021c48       0x3c miscutils/lib.a(i2c_tools.o)
 .text.check_read_funcs
                0x00021c84       0xe8 miscutils/lib.a(i2c_tools.o)
 .text.confirm_or_abort
                0x00021d6c       0x38 miscutils/lib.a(i2c_tools.o)
 .text.confirm_action
                0x00021da4       0x8c miscutils/lib.a(i2c_tools.o)
 .text.i2cget_main
                0x00021e30      0x1d0 miscutils/lib.a(i2c_tools.o)
                0x00021e30                i2cget_main
 .text.i2cset_main
                0x00022000      0x5dc miscutils/lib.a(i2c_tools.o)
                0x00022000                i2cset_main
 .text.i2cdump_main
                0x000225dc      0x6fc miscutils/lib.a(i2c_tools.o)
                0x000225dc                i2cdump_main
 .text.i2cdetect_main
                0x00022cd8      0x330 miscutils/lib.a(i2c_tools.o)
                0x00022cd8                i2cdetect_main
 .text.at_end   0x00023008       0x78 miscutils/lib.a(less.o)
 .text.safe_lineno
                0x00023080       0x34 miscutils/lib.a(less.o)
 .text.opp_bracket
                0x000230b4       0x64 miscutils/lib.a(less.o)
 .text.sigwinch_handler
                0x00023118       0x1c miscutils/lib.a(less.o)
 .text.clear_line
                0x00023134       0x20 miscutils/lib.a(less.o)
 .text.print_statusline
                0x00023154       0x34 miscutils/lib.a(less.o)
 .text.move_cursor
                0x00023188       0x18 miscutils/lib.a(less.o)
 .text.print_hilite
                0x000231a0       0x10 miscutils/lib.a(less.o)
 .text.fill_match_lines
                0x000231b0       0xb0 miscutils/lib.a(less.o)
 .text.read_lines
                0x00023260      0x378 miscutils/lib.a(less.o)
 .text.goto_lineno
                0x000235d8       0xa8 miscutils/lib.a(less.o)
 .text.cap_cur_fline
                0x00023680       0xa4 miscutils/lib.a(less.o)
 .text.re_wrap  0x00023724      0x1c8 miscutils/lib.a(less.o)
 .text.print_found
                0x000238ec      0x184 miscutils/lib.a(less.o)
 .text.print_ascii
                0x00023a70       0xf4 miscutils/lib.a(less.o)
 .text.set_tty_cooked
                0x00023b64       0x28 miscutils/lib.a(less.o)
 .text.less_exit
                0x00023b8c       0x48 miscutils/lib.a(less.o)
 .text.sig_catcher
                0x00023bd4        0x8 miscutils/lib.a(less.o)
 .text.update_num_lines
                0x00023bdc      0x108 miscutils/lib.a(less.o)
 .text.m_status_print
                0x00023ce4      0x14c miscutils/lib.a(less.o)
 .text.status_print
                0x00023e30       0x9c miscutils/lib.a(less.o)
 .text.buffer_print
                0x00023ecc       0xf0 miscutils/lib.a(less.o)
 .text.buffer_fill_and_print
                0x00023fbc       0xec miscutils/lib.a(less.o)
 .text.reinitialize
                0x000240a8       0xe0 miscutils/lib.a(less.o)
 .text.change_file
                0x00024188       0x80 miscutils/lib.a(less.o)
 .text.buffer_down
                0x00024208       0x60 miscutils/lib.a(less.o)
 .text.buffer_up
                0x00024268       0x60 miscutils/lib.a(less.o)
 .text.buffer_to_line
                0x000242c8       0x4c miscutils/lib.a(less.o)
 .text.buffer_line
                0x00024314        0x8 miscutils/lib.a(less.o)
 .text.goto_match
                0x0002431c       0x7c miscutils/lib.a(less.o)
 .text.buffer_lineno
                0x00024398        0x8 miscutils/lib.a(less.o)
 .text.getch_nowait
                0x000243a0      0x130 miscutils/lib.a(less.o)
 .text.less_getch
                0x000244d0       0x4c miscutils/lib.a(less.o)
 .text.less_gets
                0x0002451c       0xcc miscutils/lib.a(less.o)
 .text.examine_file
                0x000245e8       0x8c miscutils/lib.a(less.o)
 .text.regex_process
                0x00024674      0x128 miscutils/lib.a(less.o)
 .text.less_main
                0x0002479c      0xbb8 miscutils/lib.a(less.o)
                0x0002479c                less_main
 .text.get_line
                0x00025354       0x50 miscutils/lib.a(lsscsi.o)
 .text.lsscsi_main
                0x000253a4      0x17c miscutils/lib.a(lsscsi.o)
                0x000253a4                lsscsi_main
 .text.makedevs_main
                0x00025520      0x424 miscutils/lib.a(makedevs.o)
                0x00025520                makedevs_main
 .text.if_redefined
                0x00025944       0x5c miscutils/lib.a(man.o)
 .text.add_MANPATH
                0x000259a0       0xc8 miscutils/lib.a(man.o)
 .text.run_pipe
                0x00025a68      0x1d8 miscutils/lib.a(man.o)
 .text.show_manpage
                0x00025c40       0xe0 miscutils/lib.a(man.o)
 .text.man_main
                0x00025d20      0x3ec miscutils/lib.a(man.o)
                0x00025d20                man_main
 .text.xget1    0x0002610c        0x8 miscutils/lib.a(microcom.o)
 .text.xset1    0x00026114       0x38 miscutils/lib.a(microcom.o)
 .text.microcom_main
                0x0002614c      0x30c miscutils/lib.a(microcom.o)
                0x0002614c                microcom_main
 .text.mt_main  0x00026458      0x13c miscutils/lib.a(mt.o)
                0x00026458                mt_main
 .text.next_good_eraseblock
                0x00026594       0xa8 miscutils/lib.a(nandwrite.o)
 .text.dump_bad
                0x0002663c       0x88 miscutils/lib.a(nandwrite.o)
 .text.nandwrite_main
                0x000266c4      0x4fc miscutils/lib.a(nandwrite.o)
                0x000266c4                nandwrite_main
 .text.partprobe_main
                0x00026bc0       0x70 miscutils/lib.a(partprobe.o)
                0x00026bc0                partprobe_main
 .text.raidautorun_main
                0x00026c30       0x34 miscutils/lib.a(raidautorun.o)
                0x00026c30                raidautorun_main
 .text.readahead_main
                0x00026c64       0x9c miscutils/lib.a(readahead.o)
                0x00026c64                readahead_main
 .text.runlevel_main
                0x00026d00       0x9c miscutils/lib.a(runlevel.o)
                0x00026d00                runlevel_main
 .text.sigalrm_handler
                0x00026d9c        0x4 miscutils/lib.a(rx.o)
 .text.read_byte
                0x00026da0       0x34 miscutils/lib.a(rx.o)
 .text.rx_main  0x00026dd4      0x424 miscutils/lib.a(rx.o)
                0x00026dd4                rx_main
 .text.setfattr_main
                0x000271f8       0xf8 miscutils/lib.a(setfattr.o)
                0x000271f8                setfattr_main
 .text.serial_open
                0x000272f0       0x38 miscutils/lib.a(setserial.o)
 .text.index_in_strings_case_insensitive
                0x00027328       0x54 miscutils/lib.a(setserial.o)
 .text.get_numeric
                0x0002737c        0xc miscutils/lib.a(setserial.o)
 .text.serial_ctl
                0x00027388       0xc4 miscutils/lib.a(setserial.o)
 .text.print_flag
                0x0002744c       0x2c miscutils/lib.a(setserial.o)
 .text.setserial_main
                0x00027478      0x57c miscutils/lib.a(setserial.o)
                0x00027478                setserial_main
 .text.strings_main
                0x000279f4      0x204 miscutils/lib.a(strings.o)
                0x000279f4                strings_main
 .text.ptok     0x00027bf8       0x30 miscutils/lib.a(time.o)
 .text.run_command
                0x00027c28       0xe4 miscutils/lib.a(time.o)
 .text.time_main
                0x00027d0c      0x650 miscutils/lib.a(time.o)
                0x00027d0c                time_main
 .text.ttysize_main
                0x0002835c       0xd4 miscutils/lib.a(ttysize.o)
                0x0002835c                ttysize_main
 .text.get_num_from_file
                0x00028430       0x88 miscutils/lib.a(ubi_tools.o)
 .text.ubi_tools_main
                0x000284b8      0x53c miscutils/lib.a(ubi_tools.o)
                0x000284b8                ubi_tools_main
 .text.ubirename_main
                0x000289f4      0x138 miscutils/lib.a(ubirename.o)
                0x000289f4                ubirename_main
 .text.volname_main
                0x00028b2c       0x80 miscutils/lib.a(volname.o)
                0x00028b2c                volname_main
 .text.shutdown_watchdog
                0x00028bac       0x24 miscutils/lib.a(watchdog.o)
 .text.shutdown_on_signal
                0x00028bd0       0x30 miscutils/lib.a(watchdog.o)
 .text.watchdog_main
                0x00028c00      0x150 miscutils/lib.a(watchdog.o)
                0x00028c00                watchdog_main
 .text.display  0x00028d50       0x74 modutils/lib.a(modinfo.o)
 .text.modinfo  0x00028dc4      0x190 modutils/lib.a(modinfo.o)
 .text.modinfo_main
                0x00028f54      0x178 modutils/lib.a(modinfo.o)
                0x00028f54                modinfo_main
 .text.reset_stringbuf
                0x000290cc       0x18 modutils/lib.a(modprobe-small.o)
 .text.replace  0x000290e4       0x1c modutils/lib.a(modprobe-small.o)
 .text.filename2modname
                0x00029100       0x48 modutils/lib.a(modprobe-small.o)
 .text.load_module
                0x00029148       0x60 modutils/lib.a(modprobe-small.o)
 .text.moderror
                0x000291a8       0x50 modutils/lib.a(modprobe-small.o)
 .text.load_dep_bb
                0x000291f8      0x138 modutils/lib.a(modprobe-small.o)
 .text.pathname_matches_modname
                0x00029330       0x38 modutils/lib.a(modprobe-small.o)
 .text.find_keyword
                0x00029368       0x7c modutils/lib.a(modprobe-small.o)
 .text.append   0x000293e4       0x70 modutils/lib.a(modprobe-small.o)
 .text.copy_stringbuf
                0x00029454       0x2c modutils/lib.a(modprobe-small.o)
 .text.rmmod    0x00029480       0x5c modutils/lib.a(modprobe-small.o)
 .text.str_2_list
                0x000294dc       0x48 modutils/lib.a(modprobe-small.o)
 .text.parse_module
                0x00029524      0x1d8 modutils/lib.a(modprobe-small.o)
 .text.find_alias
                0x000296fc      0x320 modutils/lib.a(modprobe-small.o)
 .text.process_module
                0x00029a1c      0x388 modutils/lib.a(modprobe-small.o)
 .text.fileAction
                0x00029da4       0xd4 modutils/lib.a(modprobe-small.o)
 .text.lsmod_main
                0x00029e78       0x1c modutils/lib.a(modprobe-small.o)
                0x00029e78                lsmod_main
 .text.modprobe_main
                0x00029e94      0x254 modutils/lib.a(modprobe-small.o)
                0x00029e94                modprobe_main
 .text.filename2modname
                0x0002a0e8       0x78 modutils/lib.a(modutils.o)
                0x0002a0e8                filename2modname
 .text.arp_show
                0x0002a160      0x2e8 networking/lib.a(arp.o)
 .text.arp_main
                0x0002a448      0x604 networking/lib.a(arp.o)
                0x0002a448                arp_main
 .text.finish   0x0002aa4c       0xa4 networking/lib.a(arping.o)
 .text.catcher  0x0002aaf0      0x188 networking/lib.a(arping.o)
 .text.arping_main
                0x0002ac78      0x7c0 networking/lib.a(arping.o)
                0x0002ac78                arping_main
 .text.arm_ioctl
                0x0002b438       0x14 networking/lib.a(brctl.o)
 .text.undot    0x0002b44c       0x48 networking/lib.a(dnsd.o)
 .text.dnsd_main
                0x0002b494      0x5c8 networking/lib.a(dnsd.o)
                0x0002b494                dnsd_main
 .text.ether_wake_main
                0x0002ba5c      0x2ec networking/lib.a(ether-wake.o)
                0x0002ba5c                ether_wake_main
 .text.replace_char
                0x0002bd48       0x2c networking/lib.a(ftpd.o)
 .text.pasv_active
                0x0002bd74       0x1c networking/lib.a(ftpd.o)
 .text.verbose_log
                0x0002bd90       0x2c networking/lib.a(ftpd.o)
 .text.cmdio_get_cmd_and_arg
                0x0002bdbc      0x144 networking/lib.a(ftpd.o)
 .text.cmdio_write_ok
                0x0002bf00       0x40 networking/lib.a(ftpd.o)
 .text.cmdio_write_error
                0x0002bf40       0x40 networking/lib.a(ftpd.o)
 .text.escape_text
                0x0002bf80       0xa0 networking/lib.a(ftpd.o)
 .text.cmdio_write
                0x0002c020       0x70 networking/lib.a(ftpd.o)
 .text.handle_cwd
                0x0002c090       0x44 networking/lib.a(ftpd.o)
 .text.port_pasv_cleanup
                0x0002c0d4       0x38 networking/lib.a(ftpd.o)
 .text.get_remote_transfer_fd
                0x0002c10c       0x7c networking/lib.a(ftpd.o)
 .text.bind_for_passive_mode
                0x0002c188       0x90 networking/lib.a(ftpd.o)
 .text.cmdio_write_raw
                0x0002c218       0x34 networking/lib.a(ftpd.o)
 .text.port_or_pasv_was_seen
                0x0002c24c       0x44 networking/lib.a(ftpd.o)
 .text.handle_upload_common
                0x0002c290      0x190 networking/lib.a(ftpd.o)
 .text.handle_dir_common
                0x0002c420      0x1b8 networking/lib.a(ftpd.o)
 .text.timeout_handler
                0x0002c5d8       0x94 networking/lib.a(ftpd.o)
 .text.ftpd_main
                0x0002c66c      0xa6c networking/lib.a(ftpd.o)
                0x0002c66c                ftpd_main
 .text.ftp_die  0x0002d0d8       0x58 networking/lib.a(ftpgetput.o)
 .text.ftpcmd   0x0002d130       0xd8 networking/lib.a(ftpgetput.o)
 .text.xconnect_ftpdata
                0x0002d208       0xb4 networking/lib.a(ftpgetput.o)
 .text.pump_data_and_QUIT
                0x0002d2bc       0x6c networking/lib.a(ftpgetput.o)
 .text.ftp_receive
                0x0002d328      0x164 networking/lib.a(ftpgetput.o)
 .text.ftp_send
                0x0002d48c       0x74 networking/lib.a(ftpgetput.o)
 .text.ftpgetput_main
                0x0002d500      0x1b8 networking/lib.a(ftpgetput.o)
                0x0002d500                ftpgetput_main
 .text.do_sethostname
                0x0002d6b8       0x88 networking/lib.a(hostname.o)
 .text.hostname_main
                0x0002d740      0x160 networking/lib.a(hostname.o)
                0x0002d740                hostname_main
 .text.scan_ip  0x0002d8a0       0xd4 networking/lib.a(httpd.o)
 .text.checkPermIP
                0x0002d974       0x5c networking/lib.a(httpd.o)
 .text.free_llist
                0x0002d9d0       0x2c networking/lib.a(httpd.o)
 .text.parse_conf
                0x0002d9fc      0x5c4 networking/lib.a(httpd.o)
 .text.sighup_handler
                0x0002dfc0       0x10 networking/lib.a(httpd.o)
 .text.get_line
                0x0002dfd0       0xa8 networking/lib.a(httpd.o)
 .text.check_user_passwd
                0x0002e078      0x230 networking/lib.a(httpd.o)
 .text.log_and_exit
                0x0002e2a8       0x44 networking/lib.a(httpd.o)
 .text.cgi_io_loop_and_exit
                0x0002e2ec      0x280 networking/lib.a(httpd.o)
 .text.setenv1  0x0002e56c       0x18 networking/lib.a(httpd.o)
 .text.send_file_and_exit
                0x0002e584      0x3e8 networking/lib.a(httpd.o)
 .text.send_headers
                0x0002e96c      0x354 networking/lib.a(httpd.o)
 .text.send_headers_and_exit
                0x0002ecc0       0x20 networking/lib.a(httpd.o)
 .text.send_cgi_and_exit
                0x0002ece0      0x434 networking/lib.a(httpd.o)
 .text.send_REQUEST_TIMEOUT_and_exit
                0x0002f114        0xc networking/lib.a(httpd.o)
 .text.handle_incoming_and_exit
                0x0002f120      0xbe8 networking/lib.a(httpd.o)
 .text.httpd_main
                0x0002fd08      0x388 networking/lib.a(httpd.o)
                0x0002fd08                httpd_main
 .text.ifconfig_main
                0x00030090      0x4e0 networking/lib.a(ifconfig.o)
                0x00030090                ifconfig_main
 .text.ioctl_on_skfd
                0x00030570       0x14 networking/lib.a(ifenslave.o)
 .text.set_ifrname_and_do_ioctl
                0x00030584       0x28 networking/lib.a(ifenslave.o)
 .text.get_slave_flags
                0x000305ac       0x20 networking/lib.a(ifenslave.o)
 .text.set_if_flags
                0x000305cc       0x28 networking/lib.a(ifenslave.o)
 .text.set_if_down
                0x000305f4       0x30 networking/lib.a(ifenslave.o)
 .text.set_if_up
                0x00030624       0x30 networking/lib.a(ifenslave.o)
 .text.set_mtu  0x00030654       0x28 networking/lib.a(ifenslave.o)
 .text.get_if_settings
                0x0003067c       0x54 networking/lib.a(ifenslave.o)
 .text.set_hwaddr
                0x000306d0       0x34 networking/lib.a(ifenslave.o)
 .text.get_drv_info
                0x00030704       0xe0 networking/lib.a(ifenslave.o)
 .text.enslave  0x000307e4      0x2b0 networking/lib.a(ifenslave.o)
 .text.ifenslave_main
                0x00030a94      0x310 networking/lib.a(ifenslave.o)
                0x00030a94                ifenslave_main
 .text.strstatus
                0x00030da4       0x20 networking/lib.a(ifplugd.o)
 .text.read_pid
                0x00030dc4       0x48 networking/lib.a(ifplugd.o)
 .text.set_ifreq_to_ifname
                0x00030e0c       0x30 networking/lib.a(ifplugd.o)
 .text.network_ioctl
                0x00030e3c       0x4c networking/lib.a(ifplugd.o)
 .text.detect_link_iff
                0x00030e88       0x70 networking/lib.a(ifplugd.o)
 .text.detect_link_wlan
                0x00030ef8       0xb0 networking/lib.a(ifplugd.o)
 .text.detect_link_priv
                0x00030fa8       0x80 networking/lib.a(ifplugd.o)
 .text.detect_link_mii
                0x00031028       0x80 networking/lib.a(ifplugd.o)
 .text.detect_link_ethtool
                0x000310a8       0x5c networking/lib.a(ifplugd.o)
 .text.check_existence_through_netlink
                0x00031104      0x190 networking/lib.a(ifplugd.o)
 .text.up_iface
                0x00031294       0xbc networking/lib.a(ifplugd.o)
 .text.maybe_up_new_iface
                0x00031350       0x40 networking/lib.a(ifplugd.o)
 .text.detect_link
                0x00031390      0x138 networking/lib.a(ifplugd.o)
 .text.run_script
                0x000314c8       0xec networking/lib.a(ifplugd.o)
 .text.ifplugd_main
                0x000315b4      0x590 networking/lib.a(ifplugd.o)
                0x000315b4                ifplugd_main
 .text.manual_up_down6
                0x00031b44        0x8 networking/lib.a(ifupdown.o)
 .text.manual_up_down
                0x00031b4c        0x8 networking/lib.a(ifupdown.o)
 .text.link_up_down
                0x00031b54        0x8 networking/lib.a(ifupdown.o)
 .text.check    0x00031b5c        0xc networking/lib.a(ifupdown.o)
 .text.find_iface_state
                0x00031b68       0x44 networking/lib.a(ifupdown.o)
 .text.strncmpz
                0x00031bac       0x20 networking/lib.a(ifupdown.o)
 .text.get_var  0x00031bcc       0x90 networking/lib.a(ifupdown.o)
 .text.addstr   0x00031c5c       0x58 networking/lib.a(ifupdown.o)
 .text.execute  0x00031cb4      0x2e0 networking/lib.a(ifupdown.o)
 .text.loopback_down6
                0x00031f94       0x18 networking/lib.a(ifupdown.o)
 .text.loopback_up6
                0x00031fac       0x4c networking/lib.a(ifupdown.o)
 .text.static_down6
                0x00031ff8       0x18 networking/lib.a(ifupdown.o)
 .text.static_up6
                0x00032010       0x64 networking/lib.a(ifupdown.o)
 .text.v4tunnel_down
                0x00032074       0x18 networking/lib.a(ifupdown.o)
 .text.v4tunnel_up
                0x0003208c       0x7c networking/lib.a(ifupdown.o)
 .text.loopback_down
                0x00032108       0x4c networking/lib.a(ifupdown.o)
 .text.loopback_up
                0x00032154       0x4c networking/lib.a(ifupdown.o)
 .text.dhcp_up  0x000321a0       0x40 networking/lib.a(ifupdown.o)
 .text.bootp_up
                0x000321e0       0x18 networking/lib.a(ifupdown.o)
 .text.static_down
                0x000321f8       0x4c networking/lib.a(ifupdown.o)
 .text.static_up
                0x00032244       0x64 networking/lib.a(ifupdown.o)
 .text.ppp_down
                0x000322a8       0x18 networking/lib.a(ifupdown.o)
 .text.ppp_up   0x000322c0       0x18 networking/lib.a(ifupdown.o)
 .text.wvdial_down
                0x000322d8       0x18 networking/lib.a(ifupdown.o)
 .text.wvdial_up
                0x000322f0       0x18 networking/lib.a(ifupdown.o)
 .text.dhcp_down
                0x00032308       0x50 networking/lib.a(ifupdown.o)
 .text.next_word
                0x00032358       0x58 networking/lib.a(ifupdown.o)
 .text.popen2   0x000323b0       0xbc networking/lib.a(ifupdown.o)
 .text.read_iface_state
                0x0003246c       0x68 networking/lib.a(ifupdown.o)
 .text.setlocalenv
                0x000324d4       0x84 networking/lib.a(ifupdown.o)
 .text.set_environ
                0x00032558      0x168 networking/lib.a(ifupdown.o)
 .text.doit     0x000326c0       0xb4 networking/lib.a(ifupdown.o)
 .text.execute_all
                0x00032774       0x68 networking/lib.a(ifupdown.o)
 .text.iface_down
                0x000327dc       0xa8 networking/lib.a(ifupdown.o)
 .text.iface_up
                0x00032884       0xa8 networking/lib.a(ifupdown.o)
 .text.read_interfaces
                0x0003292c      0x55c networking/lib.a(ifupdown.o)
 .text.ifupdown_main
                0x00032e88      0x580 networking/lib.a(ifupdown.o)
                0x00032e88                ifupdown_main
 .text.remove_fd_from_set
                0x00033408       0x3c networking/lib.a(inetd.o)
 .text.init_ring
                0x00033444       0x30 networking/lib.a(inetd.o)
 .text.discard_dg
                0x00033474       0x14 networking/lib.a(inetd.o)
 .text.maybe_close
                0x00033488        0xc networking/lib.a(inetd.o)
 .text.free_servtab_strings
                0x00033494       0x58 networking/lib.a(inetd.o)
 .text.bump_nofile
                0x000334ec       0xd8 networking/lib.a(inetd.o)
 .text.add_fd_to_set
                0x000335c4       0x84 networking/lib.a(inetd.o)
 .text.block_CHLD_HUP_ALRM
                0x00033648       0x44 networking/lib.a(inetd.o)
 .text.restore_sigmask
                0x0003368c       0x10 networking/lib.a(inetd.o)
 .text.rearm_alarm
                0x0003369c       0x24 networking/lib.a(inetd.o)
 .text.xzalloc_lsa
                0x000336c0       0x34 networking/lib.a(inetd.o)
 .text.new_servtab
                0x000336f4       0x18 networking/lib.a(inetd.o)
 .text.clean_up_and_exit
                0x0003370c       0x68 networking/lib.a(inetd.o)
 .text.reap_child
                0x00033774       0xc8 networking/lib.a(inetd.o)
 .text.daytime_dg